Archive member included to satisfy reference by file (symbol)

E:\promotion\gitlab\opensdk\Mars_B91\telink_rocket_driver_sdk\chip\B91\drivers\lib/libdriver.a(pm.o)
                              ./boot/cstartup_flash.o (g_pm_mspi_cfg)
E:\promotion\gitlab\opensdk\Mars_B91\telink_rocket_driver_sdk\chip\B91\drivers\lib/libdriver.a(rf.o)
                              ./drivers/emi.o (symbol from plugin) (rf_set_chn)
E:\promotion\gitlab\opensdk\Mars_B91\telink_rocket_driver_sdk\chip\B91\drivers\lib/libdriver.a(sys.o)
                              ./vendor/common/common.o (symbol from plugin) (sys_init)
E:\promotion\gitlab\opensdk\Mars_B91\telink_rocket_driver_sdk\chip\B91\drivers\lib/libdriver.a(plic.o)
                              ./drivers/flash.o (symbol from plugin) (plic_enter_critical_sec)
/cygdrive/c/TelinkIoTStudio/RDS/V3.2.3/toolchains/nds32le-elf-mculib-v5f/bin/../lib/gcc/riscv32-elf/7.4.0/../../../../riscv32-elf/lib/mext-dsp/libc.a(lib_a-putchar.o)
                              /cygdrive/c/Users/Admin/AppData/Local/Temp/cc8jMWdS.ltrans0.ltrans.o (putchar)
/cygdrive/c/TelinkIoTStudio/RDS/V3.2.3/toolchains/nds32le-elf-mculib-v5f/bin/../lib/gcc/riscv32-elf/7.4.0/../../../../riscv32-elf/lib/mext-dsp/libc.a(lib_a-errno.o)
                              /cygdrive/c/TelinkIoTStudio/RDS/V3.2.3/toolchains/nds32le-elf-mculib-v5f/bin/../lib/gcc/riscv32-elf/7.4.0/../../../../riscv32-elf/lib/mext-dsp/libc.a(lib_a-putchar.o) (__mculib_REENT_errno)
/cygdrive/c/TelinkIoTStudio/RDS/V3.2.3/toolchains/nds32le-elf-mculib-v5f/bin/../lib/gcc/riscv32-elf/7.4.0/mext-dsp/libgcc.a(save-restore.o)
                              /cygdrive/c/TelinkIoTStudio/RDS/V3.2.3/toolchains/nds32le-elf-mculib-v5f/bin/../lib/gcc/riscv32-elf/7.4.0/../../../../riscv32-elf/lib/mext-dsp/libc.a(lib_a-putchar.o) (__riscv_save_1)

Allocating common symbols
Common symbol       size              file

s7816_vcc_pin       0x4               ./drivers/s7816.o (symbol from plugin)
audio_rx_dma_chn    0x1               ./drivers/audio.o (symbol from plugin)
g_pm_status_info    0x4               pm.o (symbol from plugin)
adc_vol_mv_val      0x2               ./vendor/ADC_Demo/app.o (symbol from plugin)
para_buff           0x40              ./vendor/common/auto_test/pc_interface.o (symbol from plugin)
g_adc_pre_scale     0x1               ./drivers/adc.o (symbol from plugin)
buff                0x140             ./common/usb_dbg/myudb_usb.o (symbol from plugin)
g_rfmode            0x2               rf.o (symbol from plugin)
g_clk_32k_src       0x1               ./drivers/clock.o (symbol from plugin)
command_buff        0x100             ./vendor/common/auto_test/pc_interface.o (symbol from plugin)
audio_tx_dma_chn    0x1               ./drivers/audio.o (symbol from plugin)
myudb_txfifo_b      0x1180            ./common/usb_dbg/myudb_usb.o (symbol from plugin)
par_addr            0x14              ./vendor/common/auto_test/pc_interface.o (symbol from plugin)
s7816_rst_time      0x4               ./drivers/s7816.o (symbol from plugin)
adc_code_val        0x2               ./vendor/ADC_Demo/app.o (symbol from plugin)
g_adc_vbat_divider  0x1               ./drivers/adc.o (symbol from plugin)
g_audio_tx_dma_list_cfg
                    0x14              ./drivers/audio.o (symbol from plugin)
g_audio_rx_dma_list_cfg
                    0x14              ./drivers/audio.o (symbol from plugin)
result_buff         0x100             ./vendor/common/auto_test/pc_interface.o (symbol from plugin)
s7816_rtx_pin       0x4               ./drivers/s7816.o (symbol from plugin)
s7816_rst_pin       0x4               ./drivers/s7816.o (symbol from plugin)
s7816_clock         0x1               ./drivers/s7816.o (symbol from plugin)
adc_dma_chn         0x1               ./drivers/adc.o (symbol from plugin)
adc_temp_val        0x2               ./vendor/ADC_Demo/app.o (symbol from plugin)

Discarded input sections

 .data          0x0000000000000000        0x0 /cygdrive/c/Users/Admin/AppData/Local/Temp/cc8jMWdS.ltrans0.ltrans.o
 .bss           0x0000000000000000        0x0 /cygdrive/c/Users/Admin/AppData/Local/Temp/cc8jMWdS.ltrans0.ltrans.o
 .text._write   0x0000000000000000       0x50 /cygdrive/c/Users/Admin/AppData/Local/Temp/cc8jMWdS.ltrans0.ltrans.o
 .bss.par_addr  0x0000000000000000       0x14 /cygdrive/c/Users/Admin/AppData/Local/Temp/cc8jMWdS.ltrans0.ltrans.o
 .sbss.adc_code_val
                0x0000000000000000        0x2 /cygdrive/c/Users/Admin/AppData/Local/Temp/cc8jMWdS.ltrans0.ltrans.o
 .sbss.adc_temp_val
                0x0000000000000000        0x2 /cygdrive/c/Users/Admin/AppData/Local/Temp/cc8jMWdS.ltrans0.ltrans.o
 .sbss.g_single_tong_freqoffset
                0x0000000000000000        0x1 /cygdrive/c/Users/Admin/AppData/Local/Temp/cc8jMWdS.ltrans0.ltrans.o
 .sbss.s7816_clock
                0x0000000000000000        0x1 /cygdrive/c/Users/Admin/AppData/Local/Temp/cc8jMWdS.ltrans0.ltrans.o
 .sbss.s7816_rst_pin
                0x0000000000000000        0x4 /cygdrive/c/Users/Admin/AppData/Local/Temp/cc8jMWdS.ltrans0.ltrans.o
 .sbss.s7816_rst_time
                0x0000000000000000        0x4 /cygdrive/c/Users/Admin/AppData/Local/Temp/cc8jMWdS.ltrans0.ltrans.o
 .sbss.s7816_rtx_pin
                0x0000000000000000        0x4 /cygdrive/c/Users/Admin/AppData/Local/Temp/cc8jMWdS.ltrans0.ltrans.o
 .sbss.s7816_vcc_pin
                0x0000000000000000        0x4 /cygdrive/c/Users/Admin/AppData/Local/Temp/cc8jMWdS.ltrans0.ltrans.o
 .sdata.mtime_clock_source
                0x0000000000000000        0x4 /cygdrive/c/Users/Admin/AppData/Local/Temp/cc8jMWdS.ltrans0.ltrans.o
 .data          0x0000000000000000        0x0 ./boot/cstartup_flash.o
 .bss           0x0000000000000000        0x0 ./boot/cstartup_flash.o
 .text          0x0000000000000000        0x0 ./boot/cstartup_ram.o
 .data          0x0000000000000000        0x0 ./boot/cstartup_ram.o
 .bss           0x0000000000000000        0x0 ./boot/cstartup_ram.o
 .riscv.attributes
                0x0000000000000000       0x39 ./boot/cstartup_ram.o
 .text          0x0000000000000000        0x0 /cygdrive/c/TelinkIoTStudio/RDS/V3.2.3/toolchains/nds32le-elf-mculib-v5f/bin/../lib/gcc/riscv32-elf/7.4.0/../../../../riscv32-elf/lib/mext-dsp/libc.a(lib_a-putchar.o)
 .data          0x0000000000000000        0x0 /cygdrive/c/TelinkIoTStudio/RDS/V3.2.3/toolchains/nds32le-elf-mculib-v5f/bin/../lib/gcc/riscv32-elf/7.4.0/../../../../riscv32-elf/lib/mext-dsp/libc.a(lib_a-putchar.o)
 .bss           0x0000000000000000        0x0 /cygdrive/c/TelinkIoTStudio/RDS/V3.2.3/toolchains/nds32le-elf-mculib-v5f/bin/../lib/gcc/riscv32-elf/7.4.0/../../../../riscv32-elf/lib/mext-dsp/libc.a(lib_a-putchar.o)
 .text.putchar  0x0000000000000000       0x38 /cygdrive/c/TelinkIoTStudio/RDS/V3.2.3/toolchains/nds32le-elf-mculib-v5f/bin/../lib/gcc/riscv32-elf/7.4.0/../../../../riscv32-elf/lib/mext-dsp/libc.a(lib_a-putchar.o)
 .comment       0x0000000000000000       0x38 /cygdrive/c/TelinkIoTStudio/RDS/V3.2.3/toolchains/nds32le-elf-mculib-v5f/bin/../lib/gcc/riscv32-elf/7.4.0/../../../../riscv32-elf/lib/mext-dsp/libc.a(lib_a-putchar.o)
 .riscv.attributes
                0x0000000000000000       0x3b /cygdrive/c/TelinkIoTStudio/RDS/V3.2.3/toolchains/nds32le-elf-mculib-v5f/bin/../lib/gcc/riscv32-elf/7.4.0/../../../../riscv32-elf/lib/mext-dsp/libc.a(lib_a-putchar.o)
 .text          0x0000000000000000        0x0 /cygdrive/c/TelinkIoTStudio/RDS/V3.2.3/toolchains/nds32le-elf-mculib-v5f/bin/../lib/gcc/riscv32-elf/7.4.0/../../../../riscv32-elf/lib/mext-dsp/libc.a(lib_a-errno.o)
 .data          0x0000000000000000        0x0 /cygdrive/c/TelinkIoTStudio/RDS/V3.2.3/toolchains/nds32le-elf-mculib-v5f/bin/../lib/gcc/riscv32-elf/7.4.0/../../../../riscv32-elf/lib/mext-dsp/libc.a(lib_a-errno.o)
 .bss           0x0000000000000000        0x0 /cygdrive/c/TelinkIoTStudio/RDS/V3.2.3/toolchains/nds32le-elf-mculib-v5f/bin/../lib/gcc/riscv32-elf/7.4.0/../../../../riscv32-elf/lib/mext-dsp/libc.a(lib_a-errno.o)
 .text.__errno  0x0000000000000000        0xa /cygdrive/c/TelinkIoTStudio/RDS/V3.2.3/toolchains/nds32le-elf-mculib-v5f/bin/../lib/gcc/riscv32-elf/7.4.0/../../../../riscv32-elf/lib/mext-dsp/libc.a(lib_a-errno.o)
 .sbss.__mculib_REENT_errno
                0x0000000000000000        0x4 /cygdrive/c/TelinkIoTStudio/RDS/V3.2.3/toolchains/nds32le-elf-mculib-v5f/bin/../lib/gcc/riscv32-elf/7.4.0/../../../../riscv32-elf/lib/mext-dsp/libc.a(lib_a-errno.o)
 .comment       0x0000000000000000       0x38 /cygdrive/c/TelinkIoTStudio/RDS/V3.2.3/toolchains/nds32le-elf-mculib-v5f/bin/../lib/gcc/riscv32-elf/7.4.0/../../../../riscv32-elf/lib/mext-dsp/libc.a(lib_a-errno.o)
 .riscv.attributes
                0x0000000000000000       0x3b /cygdrive/c/TelinkIoTStudio/RDS/V3.2.3/toolchains/nds32le-elf-mculib-v5f/bin/../lib/gcc/riscv32-elf/7.4.0/../../../../riscv32-elf/lib/mext-dsp/libc.a(lib_a-errno.o)
 .text          0x0000000000000000       0x60 /cygdrive/c/TelinkIoTStudio/RDS/V3.2.3/toolchains/nds32le-elf-mculib-v5f/bin/../lib/gcc/riscv32-elf/7.4.0/mext-dsp/libgcc.a(save-restore.o)
 .data          0x0000000000000000        0x0 /cygdrive/c/TelinkIoTStudio/RDS/V3.2.3/toolchains/nds32le-elf-mculib-v5f/bin/../lib/gcc/riscv32-elf/7.4.0/mext-dsp/libgcc.a(save-restore.o)
 .bss           0x0000000000000000        0x0 /cygdrive/c/TelinkIoTStudio/RDS/V3.2.3/toolchains/nds32le-elf-mculib-v5f/bin/../lib/gcc/riscv32-elf/7.4.0/mext-dsp/libgcc.a(save-restore.o)

Memory Configuration

Name             Origin             Length             Attributes
*default*        0x0000000000000000 0xffffffffffffffff

Linker script and memory map

LOAD /cygdrive/c/Users/Admin/AppData/Local/Temp/cc8jMWdS.ltrans0.ltrans.o
LOAD ./boot/cstartup_flash.o
LOAD ./boot/cstartup_ram.o
LOAD E:\promotion\gitlab\opensdk\Mars_B91\telink_rocket_driver_sdk\chip\B91\drivers\lib/libdriver.a
LOAD E:\promotion\gitlab\opensdk\Mars_B91\telink_rocket_driver_sdk\chip\B91\drivers\lib/libaxon_driver_lib.a
LOAD /cygdrive/c/TelinkIoTStudio/RDS/V3.2.3/toolchains/nds32le-elf-mculib-v5f/bin/../lib/gcc/riscv32-elf/7.4.0/mext-dsp/libgcc.a
START GROUP
LOAD /cygdrive/c/TelinkIoTStudio/RDS/V3.2.3/toolchains/nds32le-elf-mculib-v5f/bin/../lib/gcc/riscv32-elf/7.4.0/../../../../riscv32-elf/lib/mext-dsp/libc.a
LOAD /cygdrive/c/TelinkIoTStudio/RDS/V3.2.3/toolchains/nds32le-elf-mculib-v5f/bin/../lib/gcc/riscv32-elf/7.4.0/../../../../riscv32-elf/lib/mext-dsp/libgloss.a
END GROUP
LOAD /cygdrive/c/TelinkIoTStudio/RDS/V3.2.3/toolchains/nds32le-elf-mculib-v5f/bin/../lib/gcc/riscv32-elf/7.4.0/mext-dsp/libgcc.a
                0x0000000020000000                NDS_SAG_LMA_FLASH = 0x20000000
                0x0000000020000000                . = 0x20000000
                0x0000000020000000                PROVIDE (BIN_BEGIN = .)

.vectors        0x0000000020000000      0x18a
 *(.vectors)
 .vectors       0x0000000020000000      0x18a ./boot/cstartup_flash.o
                0x0000000020000000                _RESET_ENTRY
                0x0000000000000000                . = 0x0

.retention_reset
                0x0000000000000000      0x154 load address 0x0000000020000190
 *(.retention_reset)
 .retention_reset
                0x0000000000000000      0x154 ./boot/cstartup_flash.o
                0x0000000000000000                _IRESET_ENTRY
                0x0000000000000000                PROVIDE (_RETENTION_RESET_VMA_START = ADDR (.retention_reset))
                0x0000000020000190                PROVIDE (_RETENTION_RESET_LMA_START = LOADADDR (.retention_reset))
                0x0000000000000154                PROVIDE (_RETENTION_RESET_VMA_END = .)
                0x0000000000000158                . = ALIGN (0x8)
                0x0000000000000158                PROVIDE (_AES_VMA_START = .)

.aes_data
 *(.aes_data)
                0x0000000000000158                PROVIDE (_AES_VMA_END = .)
                0x0000000000000158                . = ALIGN (0x8)

.retention_data
                0x0000000000000158       0x6c load address 0x00000000200002e8
 *(.retention_data)
 .retention_data
                0x0000000000000158       0x6c /cygdrive/c/Users/Admin/AppData/Local/Temp/cc8jMWdS.ltrans0.ltrans.o
                0x00000000000001c0                g_pm_mspi_cfg
                0x0000000000000158                PROVIDE (_RETENTION_DATA_VMA_START = ADDR (.retention_data))
                0x00000000200002e8                PROVIDE (_RETENTION_DATA_LMA_START = LOADADDR (.retention_data))
                0x00000000000001c4                PROVIDE (_RETENTION_DATA_VMA_END = .)
                0x00000000000001c8                . = ALIGN (0x8)

.ram_code       0x0000000000000200      0xe02 load address 0x0000000020000358
 *(.ram_code)
 .ram_code      0x0000000000000200      0xc6a /cygdrive/c/Users/Admin/AppData/Local/Temp/cc8jMWdS.ltrans0.ltrans.o
                0x0000000000000d68                trap_entry
 *fill*         0x0000000000000e6a       0x96 
 .ram_code      0x0000000000000f00      0x102 ./boot/cstartup_flash.o
                0x0000000000000f00                __vectors
                0x0000000000001002                PROVIDE (_RAMCODE_VMA_END = .)
                0x0000000000000200                PROVIDE (_RAMCODE_VMA_START = ADDR (.ram_code))
                0x0000000020000358                PROVIDE (_RAMCODE_LMA_START = LOADADDR (.ram_code))
                [!provide]                        PROVIDE (_RAMCODE_SIZE = SIZEOF (.ram_code))
                0x0000000020001160                . = ALIGN ((LOADADDR (.ram_code) + SIZEOF (.ram_code)), 0x8)

.text           0x0000000020001160      0xb0a
 *(.text .stub .text.* .gnu.linkonce.t.*)
 .text          0x0000000020001160      0x14c /cygdrive/c/Users/Admin/AppData/Local/Temp/cc8jMWdS.ltrans0.ltrans.o
 .text.user_calib_adc_vref.constprop.25
                0x00000000200012ac      0x14a /cygdrive/c/Users/Admin/AppData/Local/Temp/cc8jMWdS.ltrans0.ltrans.o
 *fill*         0x00000000200013f6        0x2 
 .text.user_calib_freq_offset.constprop.24
                0x00000000200013f8       0x5e /cygdrive/c/Users/Admin/AppData/Local/Temp/cc8jMWdS.ltrans0.ltrans.o
 *fill*         0x0000000020001456        0x2 
 .text.startup.main
                0x0000000020001458      0x80c /cygdrive/c/Users/Admin/AppData/Local/Temp/cc8jMWdS.ltrans0.ltrans.o
                0x0000000020001458                main
 *fill*         0x0000000020001c64        0x0 
 .text          0x0000000020001c64        0x6 ./boot/cstartup_flash.o
                0x0000000020001c64                entry_irq25
                0x0000000020001c64                entry_irq13
                0x0000000020001c64                entry_irq15
                0x0000000020001c64                entry_irq27
                0x0000000020001c64                entry_irq60
                0x0000000020001c64                entry_irq1
                0x0000000020001c64                entry_irq52
                0x0000000020001c64                entry_irq50
                0x0000000020001c64                entry_irq62
                0x0000000020001c64                entry_irq58
                0x0000000020001c64                entry_irq10
                0x0000000020001c64                entry_irq21
                0x0000000020001c64                entry_irq48
                0x0000000020001c64                entry_irq8
                0x0000000020001c64                entry_irq33
                0x0000000020001c64                entry_irq12
                0x0000000020001c64                entry_irq14
                0x0000000020001c64                entry_irq2
                0x0000000020001c64                entry_irq51
                0x0000000020001c64                entry_irq28
                0x0000000020001c64                entry_irq43
                0x0000000020001c64                entry_irq20
                0x0000000020001c64                entry_irq63
                0x0000000020001c64                entry_irq46
                0x0000000020001c64                entry_irq31
                0x0000000020001c64                entry_irq16
                0x0000000020001c64                entry_irq53
                0x0000000020001c64                entry_irq11
                0x0000000020001c64                entry_irq5
                0x0000000020001c64                entry_irq23
                0x0000000020001c64                entry_irq55
                0x0000000020001c64                entry_irq34
                0x0000000020001c64                entry_irq36
                0x0000000020001c64                entry_irq44
                0x0000000020001c64                entry_irq45
                0x0000000020001c64                entry_irq26
                0x0000000020001c64                entry_irq41
                0x0000000020001c64                entry_irq61
                0x0000000020001c64                entry_irq38
                0x0000000020001c64                entry_irq59
                0x0000000020001c64                entry_irq6
                0x0000000020001c64                default_irq_entry
                0x0000000020001c64                entry_irq3
                0x0000000020001c64                entry_irq39
                0x0000000020001c64                entry_irq49
                0x0000000020001c64                entry_irq57
                0x0000000020001c64                entry_irq47
                0x0000000020001c64                entry_irq4
                0x0000000020001c64                entry_irq22
                0x0000000020001c64                entry_irq30
                0x0000000020001c64                entry_irq42
                0x0000000020001c64                entry_irq24
                0x0000000020001c64                entry_irq19
                0x0000000020001c64                entry_irq17
                0x0000000020001c64                entry_irq9
                0x0000000020001c64                entry_irq56
                0x0000000020001c64                entry_irq35
                0x0000000020001c64                entry_irq37
                0x0000000020001c64                entry_irq54
                0x0000000020001c64                entry_irq40
                0x0000000020001c64                entry_irq29
                0x0000000020001c64                entry_irq7
                0x0000000020001c64                entry_irq32
                0x0000000020001c64                entry_irq18
                0x0000000020001c66                trap_handler
 *(.text.*personality*)
 *(.gnu.warning)

.rodata         0x0000000020001c6c       0x10
 *(.rodata .rodata.* .gnu.linkonce.r.*)
 .rodata        0x0000000020001c6c       0x10 /cygdrive/c/Users/Admin/AppData/Local/Temp/cc8jMWdS.ltrans0.ltrans.o

.eh_frame_hdr   0x0000000020001c7c        0x0
 *(.eh_frame_hdr)
                0x0000000020001c80                . = ALIGN (0x20)

.eh_frame       0x0000000020001c80        0x0
 *(.eh_frame)
 .eh_frame      0x0000000020001c80        0x0 /cygdrive/c/TelinkIoTStudio/RDS/V3.2.3/toolchains/nds32le-elf-mculib-v5f/bin/../lib/gcc/riscv32-elf/7.4.0/mext-dsp/libgcc.a(save-restore.o)
                                         0xf8 (size before relaxing)

.rela.dyn       0x0000000020001c80        0x0
 .rela.vectors  0x0000000020001c80        0x0 ./boot/cstartup_flash.o
 .rela.retention_reset
                0x0000000020001c80        0x0 ./boot/cstartup_flash.o
 .rela.ram_code
                0x0000000020001c80        0x0 ./boot/cstartup_flash.o

.exec.itable    0x0000000020001c80        0x0
 *(.exec.itable)
                0x0000000000080000                . = 0x80000
                0x0000000000080800                PROVIDE (__global_pointer$ = (. + 0x800))

.data           0x0000000000080000        0xc load address 0x0000000020001c80
 *(.data .data.* .gnu.linkonce.d.*)
 *(.gnu.linkonce.d.*personality*)
 *(.srodata.cst16)
 *(.srodata.cst8)
 *(.srodata.cst4)
 *(.srodata.cst2)
 *(.srodata .srodata.*)
 *(.sdata .sdata.* .gnu.linkonce.s.*)
 .sdata.sys_clk
                0x0000000000080000        0x6 /cygdrive/c/Users/Admin/AppData/Local/Temp/cc8jMWdS.ltrans0.ltrans.o
 *(.sdata2 .sdata2.* .gnu.linkonce.s.*)
 *fill*         0x0000000000080006        0x2 
 .sdata2.adc_rx_dma_config
                0x0000000000080008        0x4 /cygdrive/c/Users/Admin/AppData/Local/Temp/cc8jMWdS.ltrans0.ltrans.o
                0x000000000008000c                PROVIDE (_DATA_VMA_END = .)
                0x0000000000080000                PROVIDE (_DATA_VMA_START = ADDR (.data))
                0x0000000020001c80                PROVIDE (_DATA_LMA_START = LOADADDR (.data))
                0x0000000000080010                . = ALIGN (0x8)
                0x0000000000080010                PROVIDE (_BSS_VMA_START = .)

.sbss           0x0000000000080010       0x24 load address 0x0000000020001c90
 *(.dynsbss)
 *(.sbss .sbss.* .gnu.linkonce.sb.*)
 .sbss.adc_dma_chn
                0x0000000000080010        0x1 /cygdrive/c/Users/Admin/AppData/Local/Temp/cc8jMWdS.ltrans0.ltrans.o
 *fill*         0x0000000000080011        0x1 
 .sbss.adc_vol_mv_val
                0x0000000000080012        0x2 /cygdrive/c/Users/Admin/AppData/Local/Temp/cc8jMWdS.ltrans0.ltrans.o
 .sbss.exception_mcause
                0x0000000000080014        0x4 /cygdrive/c/Users/Admin/AppData/Local/Temp/cc8jMWdS.ltrans0.ltrans.o
 .sbss.exception_mdcause
                0x0000000000080018        0x4 /cygdrive/c/Users/Admin/AppData/Local/Temp/cc8jMWdS.ltrans0.ltrans.o
 .sbss.exception_mepc
                0x000000000008001c        0x4 /cygdrive/c/Users/Admin/AppData/Local/Temp/cc8jMWdS.ltrans0.ltrans.o
 .sbss.exception_mstatus
                0x0000000000080020        0x4 /cygdrive/c/Users/Admin/AppData/Local/Temp/cc8jMWdS.ltrans0.ltrans.o
 .sbss.exception_mtval
                0x0000000000080024        0x4 /cygdrive/c/Users/Admin/AppData/Local/Temp/cc8jMWdS.ltrans0.ltrans.o
 .sbss.g_adc_pre_scale
                0x0000000000080028        0x1 /cygdrive/c/Users/Admin/AppData/Local/Temp/cc8jMWdS.ltrans0.ltrans.o
 .sbss.g_adc_vbat_divider
                0x0000000000080029        0x1 /cygdrive/c/Users/Admin/AppData/Local/Temp/cc8jMWdS.ltrans0.ltrans.o
 *fill*         0x000000000008002a        0x2 
 .sbss.g_chip_version
                0x000000000008002c        0x4 /cygdrive/c/Users/Admin/AppData/Local/Temp/cc8jMWdS.ltrans0.ltrans.o
 .sbss.g_pm_status_info
                0x0000000000080030        0x4 /cygdrive/c/Users/Admin/AppData/Local/Temp/cc8jMWdS.ltrans0.ltrans.o
 *(.scommon .scommon.*)

.bss            0x0000000000080034       0x14 load address 0x0000000020001cb4
 *(.dynbss)
 *(.bss .bss.* .gnu.linkonce.b.*)
 .bss.adc_sample_buffer
                0x0000000000080034       0x10 /cygdrive/c/Users/Admin/AppData/Local/Temp/cc8jMWdS.ltrans0.ltrans.o
 *(COMMON)
                0x0000000000080048                . = ALIGN (0x8)
 *fill*         0x0000000000080044        0x4 
                0x0000000000080048                PROVIDE (_BSS_VMA_END = .)

.sdk_version    0x0000000000080048       0x22 load address 0x0000000020001c8c
 *(.sdk_version)
 .sdk_version   0x0000000000080048       0x22 /cygdrive/c/Users/Admin/AppData/Local/Temp/cc8jMWdS.ltrans0.ltrans.o
                0x0000000000001cae                PROVIDE (BIN_SIZE = ((LOADADDR (.sdk_version) + SIZEOF (.sdk_version)) - BIN_BEGIN))
                0x0000000000080070                . = ALIGN (0x8)
                0x0000000000080070                _end = .
                [!provide]                        PROVIDE (end = .)
                0x00000000000a0000                PROVIDE (_STACK_TOP = 0xa0000)
                0x0000000000100000                PROVIDE (FLASH_SIZE = 0x100000)
                0x0000000000000001                ASSERT ((BIN_SIZE <= FLASH_SIZE), BIN FILE OVERFLOW)
OUTPUT(ADC_Demo.elf elf32-littleriscv)

.debug_info     0x0000000000000000     0x36c9
 .debug_info    0x0000000000000000     0x3681 /cygdrive/c/Users/Admin/AppData/Local/Temp/cc8jMWdS.ltrans0.ltrans.o
 .debug_info    0x0000000000003681       0x22 ./boot/cstartup_flash.o
 .debug_info    0x00000000000036a3       0x26 /cygdrive/c/TelinkIoTStudio/RDS/V3.2.3/toolchains/nds32le-elf-mculib-v5f/bin/../lib/gcc/riscv32-elf/7.4.0/mext-dsp/libgcc.a(save-restore.o)

.debug_abbrev   0x0000000000000000      0x615
 .debug_abbrev  0x0000000000000000      0x5ef /cygdrive/c/Users/Admin/AppData/Local/Temp/cc8jMWdS.ltrans0.ltrans.o
 .debug_abbrev  0x00000000000005ef       0x12 ./boot/cstartup_flash.o
 .debug_abbrev  0x0000000000000601       0x14 /cygdrive/c/TelinkIoTStudio/RDS/V3.2.3/toolchains/nds32le-elf-mculib-v5f/bin/../lib/gcc/riscv32-elf/7.4.0/mext-dsp/libgcc.a(save-restore.o)

.debug_loc      0x0000000000000000      0xebc
 .debug_loc     0x0000000000000000      0xebc /cygdrive/c/Users/Admin/AppData/Local/Temp/cc8jMWdS.ltrans0.ltrans.o

.debug_aranges  0x0000000000000000      0x140
 .debug_aranges
                0x0000000000000000       0xf0 /cygdrive/c/Users/Admin/AppData/Local/Temp/cc8jMWdS.ltrans0.ltrans.o
 .debug_aranges
                0x00000000000000f0       0x30 ./boot/cstartup_flash.o
 .debug_aranges
                0x0000000000000120       0x20 /cygdrive/c/TelinkIoTStudio/RDS/V3.2.3/toolchains/nds32le-elf-mculib-v5f/bin/../lib/gcc/riscv32-elf/7.4.0/mext-dsp/libgcc.a(save-restore.o)

.debug_ranges   0x0000000000000000      0x948
 .debug_ranges  0x0000000000000000      0x920 /cygdrive/c/Users/Admin/AppData/Local/Temp/cc8jMWdS.ltrans0.ltrans.o
 .debug_ranges  0x0000000000000920       0x28 ./boot/cstartup_flash.o

.debug_line     0x0000000000000000     0x2180
 .debug_line    0x0000000000000000     0x1b50 /cygdrive/c/Users/Admin/AppData/Local/Temp/cc8jMWdS.ltrans0.ltrans.o
 .debug_line    0x0000000000001b50      0x469 ./boot/cstartup_flash.o
 .debug_line    0x0000000000001fb9      0x1c7 /cygdrive/c/TelinkIoTStudio/RDS/V3.2.3/toolchains/nds32le-elf-mculib-v5f/bin/../lib/gcc/riscv32-elf/7.4.0/mext-dsp/libgcc.a(save-restore.o)

.debug_str      0x0000000000000000     0x266f
 .debug_str     0x0000000000000000     0x2481 /cygdrive/c/Users/Admin/AppData/Local/Temp/cc8jMWdS.ltrans0.ltrans.o
                                       0x2609 (size before relaxing)
 .debug_str     0x0000000000002481       0xd2 ./boot/cstartup_flash.o
 .debug_str     0x0000000000002553      0x11c /cygdrive/c/TelinkIoTStudio/RDS/V3.2.3/toolchains/nds32le-elf-mculib-v5f/bin/../lib/gcc/riscv32-elf/7.4.0/mext-dsp/libgcc.a(save-restore.o)
                                        0x12a (size before relaxing)

.comment        0x0000000000000000       0x37
 .comment       0x0000000000000000       0x37 /cygdrive/c/Users/Admin/AppData/Local/Temp/cc8jMWdS.ltrans0.ltrans.o
                                         0x38 (size before relaxing)

.riscv.attributes
                0x0000000000000000       0x3b
 .riscv.attributes
                0x0000000000000000       0x3d /cygdrive/c/Users/Admin/AppData/Local/Temp/cc8jMWdS.ltrans0.ltrans.o
 .riscv.attributes
                0x000000000000003d       0x39 ./boot/cstartup_flash.o
 .riscv.attributes
                0x0000000000000076       0x39 /cygdrive/c/TelinkIoTStudio/RDS/V3.2.3/toolchains/nds32le-elf-mculib-v5f/bin/../lib/gcc/riscv32-elf/7.4.0/mext-dsp/libgcc.a(save-restore.o)

.debug_frame    0x0000000000000000      0x384
 .debug_frame   0x0000000000000000      0x384 /cygdrive/c/Users/Admin/AppData/Local/Temp/cc8jMWdS.ltrans0.ltrans.o
