Archive member included to satisfy reference by file (symbol)

E:\promotion\gitlab\telink_b91m_driver_sdk\telink_b91m_driver_sdk\chip\B91\drivers\lib/libdriver.a(pm.o)
                              ./boot/cstartup_flash.o (g_pm_mspi_cfg)
E:\promotion\gitlab\telink_b91m_driver_sdk\telink_b91m_driver_sdk\chip\B91\drivers\lib/libdriver.a(rf.o)
                              ./drivers/emi.o (symbol from plugin) (rf_set_chn)
E:\promotion\gitlab\telink_b91m_driver_sdk\telink_b91m_driver_sdk\chip\B91\drivers\lib/libdriver.a(sys.o)
                              ./vendor/Mars_B91_Mother_V2.2/main.o (symbol from plugin) (sys_init)
E:\promotion\gitlab\telink_b91m_driver_sdk\telink_b91m_driver_sdk\chip\B91\drivers\lib/libdriver.a(plic.o)
                              ./drivers/flash.o (symbol from plugin) (plic_enter_critical_sec)
/cygdrive/c/TelinkIoTStudio/RDS/V3.2.3/toolchains/nds32le-elf-mculib-v5f/bin/../lib/gcc/riscv32-elf/7.4.0/mext-dsp/libgcc.a(divdf3.o)
                              /cygdrive/c/Users/Admin/AppData/Local/Temp/ccilfKYZ.ltrans0.ltrans.o (__divdf3)
/cygdrive/c/TelinkIoTStudio/RDS/V3.2.3/toolchains/nds32le-elf-mculib-v5f/bin/../lib/gcc/riscv32-elf/7.4.0/mext-dsp/libgcc.a(muldf3.o)
                              /cygdrive/c/Users/Admin/AppData/Local/Temp/ccilfKYZ.ltrans0.ltrans.o (__muldf3)
/cygdrive/c/TelinkIoTStudio/RDS/V3.2.3/toolchains/nds32le-elf-mculib-v5f/bin/../lib/gcc/riscv32-elf/7.4.0/mext-dsp/libgcc.a(subdf3.o)
                              /cygdrive/c/Users/Admin/AppData/Local/Temp/ccilfKYZ.ltrans0.ltrans.o (__subdf3)
/cygdrive/c/TelinkIoTStudio/RDS/V3.2.3/toolchains/nds32le-elf-mculib-v5f/bin/../lib/gcc/riscv32-elf/7.4.0/mext-dsp/libgcc.a(floatsidf.o)
                              /cygdrive/c/Users/Admin/AppData/Local/Temp/ccilfKYZ.ltrans0.ltrans.o (__floatsidf)
/cygdrive/c/TelinkIoTStudio/RDS/V3.2.3/toolchains/nds32le-elf-mculib-v5f/bin/../lib/gcc/riscv32-elf/7.4.0/mext-dsp/libgcc.a(extendsfdf2.o)
                              /cygdrive/c/Users/Admin/AppData/Local/Temp/ccilfKYZ.ltrans0.ltrans.o (__extendsfdf2)
/cygdrive/c/TelinkIoTStudio/RDS/V3.2.3/toolchains/nds32le-elf-mculib-v5f/bin/../lib/gcc/riscv32-elf/7.4.0/mext-dsp/libgcc.a(truncdfsf2.o)
                              /cygdrive/c/Users/Admin/AppData/Local/Temp/ccilfKYZ.ltrans0.ltrans.o (__truncdfsf2)
/cygdrive/c/TelinkIoTStudio/RDS/V3.2.3/toolchains/nds32le-elf-mculib-v5f/bin/../lib/gcc/riscv32-elf/7.4.0/../../../../riscv32-elf/lib/mext-dsp/libc.a(lib_a-printf.o)
                              /cygdrive/c/Users/Admin/AppData/Local/Temp/ccilfKYZ.ltrans0.ltrans.o (printf)
/cygdrive/c/TelinkIoTStudio/RDS/V3.2.3/toolchains/nds32le-elf-mculib-v5f/bin/../lib/gcc/riscv32-elf/7.4.0/../../../../riscv32-elf/lib/mext-dsp/libc.a(lib_a-sprintf.o)
                              /cygdrive/c/Users/Admin/AppData/Local/Temp/ccilfKYZ.ltrans0.ltrans.o (sprintf)
/cygdrive/c/TelinkIoTStudio/RDS/V3.2.3/toolchains/nds32le-elf-mculib-v5f/bin/../lib/gcc/riscv32-elf/7.4.0/../../../../riscv32-elf/lib/mext-dsp/libc.a(lib_a-vprintf.o)
                              /cygdrive/c/TelinkIoTStudio/RDS/V3.2.3/toolchains/nds32le-elf-mculib-v5f/bin/../lib/gcc/riscv32-elf/7.4.0/../../../../riscv32-elf/lib/mext-dsp/libc.a(lib_a-printf.o) (vprintf)
/cygdrive/c/TelinkIoTStudio/RDS/V3.2.3/toolchains/nds32le-elf-mculib-v5f/bin/../lib/gcc/riscv32-elf/7.4.0/../../../../riscv32-elf/lib/mext-dsp/libc.a(lib_a-vsprintf.o)
                              /cygdrive/c/TelinkIoTStudio/RDS/V3.2.3/toolchains/nds32le-elf-mculib-v5f/bin/../lib/gcc/riscv32-elf/7.4.0/../../../../riscv32-elf/lib/mext-dsp/libc.a(lib_a-sprintf.o) (vsprintf)
/cygdrive/c/TelinkIoTStudio/RDS/V3.2.3/toolchains/nds32le-elf-mculib-v5f/bin/../lib/gcc/riscv32-elf/7.4.0/../../../../riscv32-elf/lib/mext-dsp/libc.a(lib_a-printf_data.o)
                              /cygdrive/c/TelinkIoTStudio/RDS/V3.2.3/toolchains/nds32le-elf-mculib-v5f/bin/../lib/gcc/riscv32-elf/7.4.0/../../../../riscv32-elf/lib/mext-dsp/libc.a(lib_a-vprintf.o) (__printf_count)
/cygdrive/c/TelinkIoTStudio/RDS/V3.2.3/toolchains/nds32le-elf-mculib-v5f/bin/../lib/gcc/riscv32-elf/7.4.0/../../../../riscv32-elf/lib/mext-dsp/libc.a(lib_a-printf_impl.o)
                              /cygdrive/c/TelinkIoTStudio/RDS/V3.2.3/toolchains/nds32le-elf-mculib-v5f/bin/../lib/gcc/riscv32-elf/7.4.0/../../../../riscv32-elf/lib/mext-dsp/libc.a(lib_a-vprintf.o) (__printf_impl)
/cygdrive/c/TelinkIoTStudio/RDS/V3.2.3/toolchains/nds32le-elf-mculib-v5f/bin/../lib/gcc/riscv32-elf/7.4.0/../../../../riscv32-elf/lib/mext-dsp/libc.a(lib_a-printf_impl_float.o)
                              /cygdrive/c/TelinkIoTStudio/RDS/V3.2.3/toolchains/nds32le-elf-mculib-v5f/bin/../lib/gcc/riscv32-elf/7.4.0/../../../../riscv32-elf/lib/mext-dsp/libc.a(lib_a-printf_impl.o) (__int_to_poly)
/cygdrive/c/TelinkIoTStudio/RDS/V3.2.3/toolchains/nds32le-elf-mculib-v5f/bin/../lib/gcc/riscv32-elf/7.4.0/../../../../riscv32-elf/lib/mext-dsp/libc.a(lib_a-strcpy.o)
                              /cygdrive/c/TelinkIoTStudio/RDS/V3.2.3/toolchains/nds32le-elf-mculib-v5f/bin/../lib/gcc/riscv32-elf/7.4.0/../../../../riscv32-elf/lib/mext-dsp/libc.a(lib_a-printf_impl_float.o) (strcpy)
/cygdrive/c/TelinkIoTStudio/RDS/V3.2.3/toolchains/nds32le-elf-mculib-v5f/bin/../lib/gcc/riscv32-elf/7.4.0/../../../../riscv32-elf/lib/mext-dsp/libc.a(lib_a-strnlen.o)
                              /cygdrive/c/TelinkIoTStudio/RDS/V3.2.3/toolchains/nds32le-elf-mculib-v5f/bin/../lib/gcc/riscv32-elf/7.4.0/../../../../riscv32-elf/lib/mext-dsp/libc.a(lib_a-printf_impl.o) (strnlen)
/cygdrive/c/TelinkIoTStudio/RDS/V3.2.3/toolchains/nds32le-elf-mculib-v5f/bin/../lib/gcc/riscv32-elf/7.4.0/../../../../riscv32-elf/lib/mext-dsp/libc.a(lib_a-memset.o)
                              /cygdrive/c/TelinkIoTStudio/RDS/V3.2.3/toolchains/nds32le-elf-mculib-v5f/bin/../lib/gcc/riscv32-elf/7.4.0/../../../../riscv32-elf/lib/mext-dsp/libc.a(lib_a-printf_impl_float.o) (memset)
/cygdrive/c/TelinkIoTStudio/RDS/V3.2.3/toolchains/nds32le-elf-mculib-v5f/bin/../lib/gcc/riscv32-elf/7.4.0/mext-dsp/libgcc.a(_lshrdi3.o)
                              /cygdrive/c/TelinkIoTStudio/RDS/V3.2.3/toolchains/nds32le-elf-mculib-v5f/bin/../lib/gcc/riscv32-elf/7.4.0/../../../../riscv32-elf/lib/mext-dsp/libc.a(lib_a-printf_impl_float.o) (__lshrdi3)
/cygdrive/c/TelinkIoTStudio/RDS/V3.2.3/toolchains/nds32le-elf-mculib-v5f/bin/../lib/gcc/riscv32-elf/7.4.0/mext-dsp/libgcc.a(_ashldi3.o)
                              /cygdrive/c/TelinkIoTStudio/RDS/V3.2.3/toolchains/nds32le-elf-mculib-v5f/bin/../lib/gcc/riscv32-elf/7.4.0/../../../../riscv32-elf/lib/mext-dsp/libc.a(lib_a-printf_impl_float.o) (__ashldi3)
/cygdrive/c/TelinkIoTStudio/RDS/V3.2.3/toolchains/nds32le-elf-mculib-v5f/bin/../lib/gcc/riscv32-elf/7.4.0/mext-dsp/libgcc.a(save-restore.o)
                              /cygdrive/c/TelinkIoTStudio/RDS/V3.2.3/toolchains/nds32le-elf-mculib-v5f/bin/../lib/gcc/riscv32-elf/7.4.0/../../../../riscv32-elf/lib/mext-dsp/libc.a(lib_a-printf_impl.o) (__riscv_save_12)

Allocating common symbols
Common symbol       size              file

g_axis_info         0x6               ./vendor/Mars_B91_Mother_V2.2/device/lis2dh.o (symbol from plugin)
s7816_vcc_pin       0x4               ./drivers/s7816.o (symbol from plugin)
mcause              0x4               ./vendor/common/plic_isr.o (symbol from plugin)
audio_rx_dma_chn    0x1               ./drivers/audio.o (symbol from plugin)
g_pm_status_info    0x4               pm.o (symbol from plugin)
adc_vol_mv_val      0x2               ./vendor/Mars_B91_Mother_V2.2/device/photoresistor.o (symbol from plugin)
g_adc_pre_scale     0x1               ./drivers/adc.o (symbol from plugin)
buff                0x140             ./common/usb_dbg/myudb_usb.o (symbol from plugin)
btn_right           0x28              ./vendor/Mars_B91_Mother_V2.2/device/button.o (symbol from plugin)
g_rfmode            0x2               rf.o (symbol from plugin)
g_clk_32k_src       0x1               ./drivers/clock.o (symbol from plugin)
audio_tx_dma_chn    0x1               ./drivers/audio.o (symbol from plugin)
myudb_txfifo_b      0x1180            ./common/usb_dbg/myudb_usb.o (symbol from plugin)
g_time0             0x4               ./vendor/Mars_B91_Mother_V2.2/app_all.o (symbol from plugin)
s7816_rst_time      0x4               ./drivers/s7816.o (symbol from plugin)
btn_mid             0x28              ./vendor/Mars_B91_Mother_V2.2/device/button.o (symbol from plugin)
adc_code_val        0x2               ./vendor/Mars_B91_Mother_V2.2/device/photoresistor.o (symbol from plugin)
btn_left            0x28              ./vendor/Mars_B91_Mother_V2.2/device/button.o (symbol from plugin)
UART_RX_BUF         0x1000            ./vendor/Mars_B91_Mother_V2.2/device/serial_port.o (symbol from plugin)
g_adc_vbat_divider  0x1               ./drivers/adc.o (symbol from plugin)
g_audio_tx_dma_list_cfg
                    0x14              ./drivers/audio.o (symbol from plugin)
mepc                0x4               ./vendor/common/plic_isr.o (symbol from plugin)
g_audio_rx_dma_list_cfg
                    0x14              ./drivers/audio.o (symbol from plugin)
s7816_rtx_pin       0x4               ./drivers/s7816.o (symbol from plugin)
s7816_rst_pin       0x4               ./drivers/s7816.o (symbol from plugin)
s7816_clock         0x1               ./drivers/s7816.o (symbol from plugin)
__vsprintf_buf      0x4               /cygdrive/c/TelinkIoTStudio/RDS/V3.2.3/toolchains/nds32le-elf-mculib-v5f/bin/../lib/gcc/riscv32-elf/7.4.0/../../../../riscv32-elf/lib/mext-dsp/libc.a(lib_a-vsprintf.o)
adc_dma_chn         0x1               ./drivers/adc.o (symbol from plugin)
g_time1             0x4               ./vendor/Mars_B91_Mother_V2.2/app_all.o (symbol from plugin)

Discarded input sections

 .data          0x0000000000000000        0x0 /cygdrive/c/Users/Admin/AppData/Local/Temp/ccilfKYZ.ltrans0.ltrans.o
 .bss           0x0000000000000000        0x0 /cygdrive/c/Users/Admin/AppData/Local/Temp/ccilfKYZ.ltrans0.ltrans.o
 .sbss.adc_code_val
                0x0000000000000000        0x2 /cygdrive/c/Users/Admin/AppData/Local/Temp/ccilfKYZ.ltrans0.ltrans.o
 .sbss.adc_vol_mv_val
                0x0000000000000000        0x2 /cygdrive/c/Users/Admin/AppData/Local/Temp/ccilfKYZ.ltrans0.ltrans.o
 .sbss.g_single_tong_freqoffset
                0x0000000000000000        0x1 /cygdrive/c/Users/Admin/AppData/Local/Temp/ccilfKYZ.ltrans0.ltrans.o
 .sbss.s7816_clock
                0x0000000000000000        0x1 /cygdrive/c/Users/Admin/AppData/Local/Temp/ccilfKYZ.ltrans0.ltrans.o
 .sbss.s7816_rst_pin
                0x0000000000000000        0x4 /cygdrive/c/Users/Admin/AppData/Local/Temp/ccilfKYZ.ltrans0.ltrans.o
 .sbss.s7816_rst_time
                0x0000000000000000        0x4 /cygdrive/c/Users/Admin/AppData/Local/Temp/ccilfKYZ.ltrans0.ltrans.o
 .sbss.s7816_rtx_pin
                0x0000000000000000        0x4 /cygdrive/c/Users/Admin/AppData/Local/Temp/ccilfKYZ.ltrans0.ltrans.o
 .sbss.s7816_vcc_pin
                0x0000000000000000        0x4 /cygdrive/c/Users/Admin/AppData/Local/Temp/ccilfKYZ.ltrans0.ltrans.o
 .text          0x0000000000000000        0x8 ./boot/cstartup_flash.o
 .data          0x0000000000000000        0x0 ./boot/cstartup_flash.o
 .bss           0x0000000000000000        0x0 ./boot/cstartup_flash.o
 .text          0x0000000000000000        0x0 ./boot/cstartup_ram.o
 .data          0x0000000000000000        0x0 ./boot/cstartup_ram.o
 .bss           0x0000000000000000        0x0 ./boot/cstartup_ram.o
 .riscv.attributes
                0x0000000000000000       0x39 ./boot/cstartup_ram.o
 .data          0x0000000000000000        0x0 /cygdrive/c/TelinkIoTStudio/RDS/V3.2.3/toolchains/nds32le-elf-mculib-v5f/bin/../lib/gcc/riscv32-elf/7.4.0/mext-dsp/libgcc.a(divdf3.o)
 .bss           0x0000000000000000        0x0 /cygdrive/c/TelinkIoTStudio/RDS/V3.2.3/toolchains/nds32le-elf-mculib-v5f/bin/../lib/gcc/riscv32-elf/7.4.0/mext-dsp/libgcc.a(divdf3.o)
 .data          0x0000000000000000        0x0 /cygdrive/c/TelinkIoTStudio/RDS/V3.2.3/toolchains/nds32le-elf-mculib-v5f/bin/../lib/gcc/riscv32-elf/7.4.0/mext-dsp/libgcc.a(muldf3.o)
 .bss           0x0000000000000000        0x0 /cygdrive/c/TelinkIoTStudio/RDS/V3.2.3/toolchains/nds32le-elf-mculib-v5f/bin/../lib/gcc/riscv32-elf/7.4.0/mext-dsp/libgcc.a(muldf3.o)
 .data          0x0000000000000000        0x0 /cygdrive/c/TelinkIoTStudio/RDS/V3.2.3/toolchains/nds32le-elf-mculib-v5f/bin/../lib/gcc/riscv32-elf/7.4.0/mext-dsp/libgcc.a(subdf3.o)
 .bss           0x0000000000000000        0x0 /cygdrive/c/TelinkIoTStudio/RDS/V3.2.3/toolchains/nds32le-elf-mculib-v5f/bin/../lib/gcc/riscv32-elf/7.4.0/mext-dsp/libgcc.a(subdf3.o)
 .data          0x0000000000000000        0x0 /cygdrive/c/TelinkIoTStudio/RDS/V3.2.3/toolchains/nds32le-elf-mculib-v5f/bin/../lib/gcc/riscv32-elf/7.4.0/mext-dsp/libgcc.a(floatsidf.o)
 .bss           0x0000000000000000        0x0 /cygdrive/c/TelinkIoTStudio/RDS/V3.2.3/toolchains/nds32le-elf-mculib-v5f/bin/../lib/gcc/riscv32-elf/7.4.0/mext-dsp/libgcc.a(floatsidf.o)
 .data          0x0000000000000000        0x0 /cygdrive/c/TelinkIoTStudio/RDS/V3.2.3/toolchains/nds32le-elf-mculib-v5f/bin/../lib/gcc/riscv32-elf/7.4.0/mext-dsp/libgcc.a(extendsfdf2.o)
 .bss           0x0000000000000000        0x0 /cygdrive/c/TelinkIoTStudio/RDS/V3.2.3/toolchains/nds32le-elf-mculib-v5f/bin/../lib/gcc/riscv32-elf/7.4.0/mext-dsp/libgcc.a(extendsfdf2.o)
 .data          0x0000000000000000        0x0 /cygdrive/c/TelinkIoTStudio/RDS/V3.2.3/toolchains/nds32le-elf-mculib-v5f/bin/../lib/gcc/riscv32-elf/7.4.0/mext-dsp/libgcc.a(truncdfsf2.o)
 .bss           0x0000000000000000        0x0 /cygdrive/c/TelinkIoTStudio/RDS/V3.2.3/toolchains/nds32le-elf-mculib-v5f/bin/../lib/gcc/riscv32-elf/7.4.0/mext-dsp/libgcc.a(truncdfsf2.o)
 .text          0x0000000000000000        0x0 /cygdrive/c/TelinkIoTStudio/RDS/V3.2.3/toolchains/nds32le-elf-mculib-v5f/bin/../lib/gcc/riscv32-elf/7.4.0/../../../../riscv32-elf/lib/mext-dsp/libc.a(lib_a-printf.o)
 .data          0x0000000000000000        0x0 /cygdrive/c/TelinkIoTStudio/RDS/V3.2.3/toolchains/nds32le-elf-mculib-v5f/bin/../lib/gcc/riscv32-elf/7.4.0/../../../../riscv32-elf/lib/mext-dsp/libc.a(lib_a-printf.o)
 .bss           0x0000000000000000        0x0 /cygdrive/c/TelinkIoTStudio/RDS/V3.2.3/toolchains/nds32le-elf-mculib-v5f/bin/../lib/gcc/riscv32-elf/7.4.0/../../../../riscv32-elf/lib/mext-dsp/libc.a(lib_a-printf.o)
 .text          0x0000000000000000        0x0 /cygdrive/c/TelinkIoTStudio/RDS/V3.2.3/toolchains/nds32le-elf-mculib-v5f/bin/../lib/gcc/riscv32-elf/7.4.0/../../../../riscv32-elf/lib/mext-dsp/libc.a(lib_a-sprintf.o)
 .data          0x0000000000000000        0x0 /cygdrive/c/TelinkIoTStudio/RDS/V3.2.3/toolchains/nds32le-elf-mculib-v5f/bin/../lib/gcc/riscv32-elf/7.4.0/../../../../riscv32-elf/lib/mext-dsp/libc.a(lib_a-sprintf.o)
 .bss           0x0000000000000000        0x0 /cygdrive/c/TelinkIoTStudio/RDS/V3.2.3/toolchains/nds32le-elf-mculib-v5f/bin/../lib/gcc/riscv32-elf/7.4.0/../../../../riscv32-elf/lib/mext-dsp/libc.a(lib_a-sprintf.o)
 .text._sprintf_r
                0x0000000000000000       0x24 /cygdrive/c/TelinkIoTStudio/RDS/V3.2.3/toolchains/nds32le-elf-mculib-v5f/bin/../lib/gcc/riscv32-elf/7.4.0/../../../../riscv32-elf/lib/mext-dsp/libc.a(lib_a-sprintf.o)
 .text          0x0000000000000000        0x0 /cygdrive/c/TelinkIoTStudio/RDS/V3.2.3/toolchains/nds32le-elf-mculib-v5f/bin/../lib/gcc/riscv32-elf/7.4.0/../../../../riscv32-elf/lib/mext-dsp/libc.a(lib_a-vprintf.o)
 .data          0x0000000000000000        0x0 /cygdrive/c/TelinkIoTStudio/RDS/V3.2.3/toolchains/nds32le-elf-mculib-v5f/bin/../lib/gcc/riscv32-elf/7.4.0/../../../../riscv32-elf/lib/mext-dsp/libc.a(lib_a-vprintf.o)
 .bss           0x0000000000000000        0x0 /cygdrive/c/TelinkIoTStudio/RDS/V3.2.3/toolchains/nds32le-elf-mculib-v5f/bin/../lib/gcc/riscv32-elf/7.4.0/../../../../riscv32-elf/lib/mext-dsp/libc.a(lib_a-vprintf.o)
 COMMON         0x0000000000000000        0x0 /cygdrive/c/TelinkIoTStudio/RDS/V3.2.3/toolchains/nds32le-elf-mculib-v5f/bin/../lib/gcc/riscv32-elf/7.4.0/../../../../riscv32-elf/lib/mext-dsp/libc.a(lib_a-vprintf.o)
 .text          0x0000000000000000        0x0 /cygdrive/c/TelinkIoTStudio/RDS/V3.2.3/toolchains/nds32le-elf-mculib-v5f/bin/../lib/gcc/riscv32-elf/7.4.0/../../../../riscv32-elf/lib/mext-dsp/libc.a(lib_a-vsprintf.o)
 .data          0x0000000000000000        0x0 /cygdrive/c/TelinkIoTStudio/RDS/V3.2.3/toolchains/nds32le-elf-mculib-v5f/bin/../lib/gcc/riscv32-elf/7.4.0/../../../../riscv32-elf/lib/mext-dsp/libc.a(lib_a-vsprintf.o)
 .bss           0x0000000000000000        0x0 /cygdrive/c/TelinkIoTStudio/RDS/V3.2.3/toolchains/nds32le-elf-mculib-v5f/bin/../lib/gcc/riscv32-elf/7.4.0/../../../../riscv32-elf/lib/mext-dsp/libc.a(lib_a-vsprintf.o)
 .text          0x0000000000000000        0x0 /cygdrive/c/TelinkIoTStudio/RDS/V3.2.3/toolchains/nds32le-elf-mculib-v5f/bin/../lib/gcc/riscv32-elf/7.4.0/../../../../riscv32-elf/lib/mext-dsp/libc.a(lib_a-printf_data.o)
 .data          0x0000000000000000        0x0 /cygdrive/c/TelinkIoTStudio/RDS/V3.2.3/toolchains/nds32le-elf-mculib-v5f/bin/../lib/gcc/riscv32-elf/7.4.0/../../../../riscv32-elf/lib/mext-dsp/libc.a(lib_a-printf_data.o)
 .bss           0x0000000000000000        0x0 /cygdrive/c/TelinkIoTStudio/RDS/V3.2.3/toolchains/nds32le-elf-mculib-v5f/bin/../lib/gcc/riscv32-elf/7.4.0/../../../../riscv32-elf/lib/mext-dsp/libc.a(lib_a-printf_data.o)
 .text          0x0000000000000000        0x0 /cygdrive/c/TelinkIoTStudio/RDS/V3.2.3/toolchains/nds32le-elf-mculib-v5f/bin/../lib/gcc/riscv32-elf/7.4.0/../../../../riscv32-elf/lib/mext-dsp/libc.a(lib_a-printf_impl.o)
 .data          0x0000000000000000        0x0 /cygdrive/c/TelinkIoTStudio/RDS/V3.2.3/toolchains/nds32le-elf-mculib-v5f/bin/../lib/gcc/riscv32-elf/7.4.0/../../../../riscv32-elf/lib/mext-dsp/libc.a(lib_a-printf_impl.o)
 .bss           0x0000000000000000        0x0 /cygdrive/c/TelinkIoTStudio/RDS/V3.2.3/toolchains/nds32le-elf-mculib-v5f/bin/../lib/gcc/riscv32-elf/7.4.0/../../../../riscv32-elf/lib/mext-dsp/libc.a(lib_a-printf_impl.o)
 .text          0x0000000000000000        0x0 /cygdrive/c/TelinkIoTStudio/RDS/V3.2.3/toolchains/nds32le-elf-mculib-v5f/bin/../lib/gcc/riscv32-elf/7.4.0/../../../../riscv32-elf/lib/mext-dsp/libc.a(lib_a-printf_impl_float.o)
 .data          0x0000000000000000        0x0 /cygdrive/c/TelinkIoTStudio/RDS/V3.2.3/toolchains/nds32le-elf-mculib-v5f/bin/../lib/gcc/riscv32-elf/7.4.0/../../../../riscv32-elf/lib/mext-dsp/libc.a(lib_a-printf_impl_float.o)
 .bss           0x0000000000000000        0x0 /cygdrive/c/TelinkIoTStudio/RDS/V3.2.3/toolchains/nds32le-elf-mculib-v5f/bin/../lib/gcc/riscv32-elf/7.4.0/../../../../riscv32-elf/lib/mext-dsp/libc.a(lib_a-printf_impl_float.o)
 .text          0x0000000000000000        0x0 /cygdrive/c/TelinkIoTStudio/RDS/V3.2.3/toolchains/nds32le-elf-mculib-v5f/bin/../lib/gcc/riscv32-elf/7.4.0/../../../../riscv32-elf/lib/mext-dsp/libc.a(lib_a-strcpy.o)
 .data          0x0000000000000000        0x0 /cygdrive/c/TelinkIoTStudio/RDS/V3.2.3/toolchains/nds32le-elf-mculib-v5f/bin/../lib/gcc/riscv32-elf/7.4.0/../../../../riscv32-elf/lib/mext-dsp/libc.a(lib_a-strcpy.o)
 .bss           0x0000000000000000        0x0 /cygdrive/c/TelinkIoTStudio/RDS/V3.2.3/toolchains/nds32le-elf-mculib-v5f/bin/../lib/gcc/riscv32-elf/7.4.0/../../../../riscv32-elf/lib/mext-dsp/libc.a(lib_a-strcpy.o)
 .text          0x0000000000000000        0x0 /cygdrive/c/TelinkIoTStudio/RDS/V3.2.3/toolchains/nds32le-elf-mculib-v5f/bin/../lib/gcc/riscv32-elf/7.4.0/../../../../riscv32-elf/lib/mext-dsp/libc.a(lib_a-strnlen.o)
 .data          0x0000000000000000        0x0 /cygdrive/c/TelinkIoTStudio/RDS/V3.2.3/toolchains/nds32le-elf-mculib-v5f/bin/../lib/gcc/riscv32-elf/7.4.0/../../../../riscv32-elf/lib/mext-dsp/libc.a(lib_a-strnlen.o)
 .bss           0x0000000000000000        0x0 /cygdrive/c/TelinkIoTStudio/RDS/V3.2.3/toolchains/nds32le-elf-mculib-v5f/bin/../lib/gcc/riscv32-elf/7.4.0/../../../../riscv32-elf/lib/mext-dsp/libc.a(lib_a-strnlen.o)
 .data          0x0000000000000000        0x0 /cygdrive/c/TelinkIoTStudio/RDS/V3.2.3/toolchains/nds32le-elf-mculib-v5f/bin/../lib/gcc/riscv32-elf/7.4.0/../../../../riscv32-elf/lib/mext-dsp/libc.a(lib_a-memset.o)
 .bss           0x0000000000000000        0x0 /cygdrive/c/TelinkIoTStudio/RDS/V3.2.3/toolchains/nds32le-elf-mculib-v5f/bin/../lib/gcc/riscv32-elf/7.4.0/../../../../riscv32-elf/lib/mext-dsp/libc.a(lib_a-memset.o)
 .data          0x0000000000000000        0x0 /cygdrive/c/TelinkIoTStudio/RDS/V3.2.3/toolchains/nds32le-elf-mculib-v5f/bin/../lib/gcc/riscv32-elf/7.4.0/mext-dsp/libgcc.a(_lshrdi3.o)
 .bss           0x0000000000000000        0x0 /cygdrive/c/TelinkIoTStudio/RDS/V3.2.3/toolchains/nds32le-elf-mculib-v5f/bin/../lib/gcc/riscv32-elf/7.4.0/mext-dsp/libgcc.a(_lshrdi3.o)
 .data          0x0000000000000000        0x0 /cygdrive/c/TelinkIoTStudio/RDS/V3.2.3/toolchains/nds32le-elf-mculib-v5f/bin/../lib/gcc/riscv32-elf/7.4.0/mext-dsp/libgcc.a(_ashldi3.o)
 .bss           0x0000000000000000        0x0 /cygdrive/c/TelinkIoTStudio/RDS/V3.2.3/toolchains/nds32le-elf-mculib-v5f/bin/../lib/gcc/riscv32-elf/7.4.0/mext-dsp/libgcc.a(_ashldi3.o)
 .data          0x0000000000000000        0x0 /cygdrive/c/TelinkIoTStudio/RDS/V3.2.3/toolchains/nds32le-elf-mculib-v5f/bin/../lib/gcc/riscv32-elf/7.4.0/mext-dsp/libgcc.a(save-restore.o)
 .bss           0x0000000000000000        0x0 /cygdrive/c/TelinkIoTStudio/RDS/V3.2.3/toolchains/nds32le-elf-mculib-v5f/bin/../lib/gcc/riscv32-elf/7.4.0/mext-dsp/libgcc.a(save-restore.o)

Memory Configuration

Name             Origin             Length             Attributes
*default*        0x0000000000000000 0xffffffffffffffff

Linker script and memory map

LOAD /cygdrive/c/Users/Admin/AppData/Local/Temp/ccilfKYZ.ltrans0.ltrans.o
LOAD ./boot/cstartup_flash.o
LOAD ./boot/cstartup_ram.o
LOAD E:\promotion\gitlab\telink_b91m_driver_sdk\telink_b91m_driver_sdk\chip\B91\drivers\lib/libdriver.a
LOAD E:\promotion\gitlab\telink_b91m_driver_sdk\telink_b91m_driver_sdk\chip\B91\drivers\lib/libaxon_driver_lib.a
LOAD /cygdrive/c/TelinkIoTStudio/RDS/V3.2.3/toolchains/nds32le-elf-mculib-v5f/bin/../lib/gcc/riscv32-elf/7.4.0/mext-dsp/libgcc.a
START GROUP
LOAD /cygdrive/c/TelinkIoTStudio/RDS/V3.2.3/toolchains/nds32le-elf-mculib-v5f/bin/../lib/gcc/riscv32-elf/7.4.0/../../../../riscv32-elf/lib/mext-dsp/libc.a
LOAD /cygdrive/c/TelinkIoTStudio/RDS/V3.2.3/toolchains/nds32le-elf-mculib-v5f/bin/../lib/gcc/riscv32-elf/7.4.0/../../../../riscv32-elf/lib/mext-dsp/libgloss.a
END GROUP
LOAD /cygdrive/c/TelinkIoTStudio/RDS/V3.2.3/toolchains/nds32le-elf-mculib-v5f/bin/../lib/gcc/riscv32-elf/7.4.0/mext-dsp/libgcc.a
                0x0000000020000000                NDS_SAG_LMA_FLASH = 0x20000000
                0x0000000020000000                . = 0x20000000
                0x0000000020000000                PROVIDE (BIN_BEGIN = .)

.vectors        0x0000000020000000      0x18a
 *(.vectors)
 .vectors       0x0000000020000000      0x18a ./boot/cstartup_flash.o
                0x0000000020000000                _RESET_ENTRY
                0x0000000000000000                . = 0x0

.retention_reset
                0x0000000000000000      0x154 load address 0x0000000020000190
 *(.retention_reset)
 .retention_reset
                0x0000000000000000      0x154 ./boot/cstartup_flash.o
                0x0000000000000000                _IRESET_ENTRY
                0x0000000000000000                PROVIDE (_RETENTION_RESET_VMA_START = ADDR (.retention_reset))
                0x0000000020000190                PROVIDE (_RETENTION_RESET_LMA_START = LOADADDR (.retention_reset))
                0x0000000000000154                PROVIDE (_RETENTION_RESET_VMA_END = .)
                0x0000000000000158                . = ALIGN (0x8)
                0x0000000000000158                PROVIDE (_AES_VMA_START = .)

.aes_data
 *(.aes_data)
                0x0000000000000158                PROVIDE (_AES_VMA_END = .)
                0x0000000000000158                . = ALIGN (0x8)

.retention_data
                0x0000000000000158       0x6c load address 0x00000000200002e8
 *(.retention_data)
 .retention_data
                0x0000000000000158       0x6c /cygdrive/c/Users/Admin/AppData/Local/Temp/ccilfKYZ.ltrans0.ltrans.o
                0x00000000000001c0                g_pm_mspi_cfg
                0x0000000000000158                PROVIDE (_RETENTION_DATA_VMA_START = ADDR (.retention_data))
                0x00000000200002e8                PROVIDE (_RETENTION_DATA_LMA_START = LOADADDR (.retention_data))
                0x00000000000001c4                PROVIDE (_RETENTION_DATA_VMA_END = .)
                0x00000000000001c8                . = ALIGN (0x8)

.ram_code       0x0000000000000200     0x2702 load address 0x0000000020000358
 *(.ram_code)
 .ram_code      0x0000000000000200     0x25ea /cygdrive/c/Users/Admin/AppData/Local/Temp/ccilfKYZ.ltrans0.ltrans.o
                0x0000000000000e74                entry_irq63
                0x0000000000000ee4                entry_irq62
                0x0000000000000f54                entry_irq61
                0x0000000000000fc4                entry_irq60
                0x0000000000001034                entry_irq59
                0x00000000000010a4                entry_irq58
                0x0000000000001114                entry_irq57
                0x0000000000001184                entry_irq56
                0x00000000000011f4                entry_irq55
                0x0000000000001264                entry_irq54
                0x00000000000012d4                entry_irq53
                0x0000000000001344                entry_irq52
                0x00000000000013b4                entry_irq51
                0x0000000000001424                entry_irq50
                0x0000000000001494                entry_irq49
                0x0000000000001498                entry_irq48
                0x000000000000149c                entry_irq47
                0x00000000000014a0                entry_irq46
                0x0000000000001510                entry_irq45
                0x0000000000001514                entry_irq44
                0x0000000000001584                entry_irq43
                0x00000000000015f4                entry_irq42
                0x0000000000001664                entry_irq41
                0x0000000000001668                entry_irq40
                0x000000000000166c                entry_irq39
                0x0000000000001670                entry_irq38
                0x0000000000001674                entry_irq37
                0x00000000000016e4                entry_irq36
                0x0000000000001754                entry_irq35
                0x00000000000017c4                entry_irq34
                0x0000000000001834                entry_irq33
                0x00000000000018a4                entry_irq32
                0x0000000000001914                entry_irq31
                0x0000000000001984                entry_irq30
                0x00000000000019f4                entry_irq29
                0x0000000000001a64                entry_irq28
                0x0000000000001ad4                entry_irq27
                0x0000000000001b44                entry_irq26
                0x0000000000001bb4                entry_irq25
                0x0000000000001c24                entry_irq24
                0x0000000000001c94                entry_irq23
                0x0000000000001d04                entry_irq22
                0x0000000000001d74                entry_irq21
                0x0000000000001de4                entry_irq20
                0x0000000000001e54                entry_irq19
                0x0000000000001f4c                entry_irq18
                0x0000000000001fbc                entry_irq17
                0x000000000000202c                entry_irq16
                0x0000000000002124                entry_irq15
                0x0000000000002194                entry_irq14
                0x0000000000002204                entry_irq13
                0x0000000000002274                entry_irq12
                0x00000000000022e4                entry_irq11
                0x0000000000002354                entry_irq10
                0x00000000000023c4                entry_irq9
                0x0000000000002434                entry_irq8
                0x00000000000024a4                entry_irq7
                0x0000000000002514                entry_irq6
                0x0000000000002584                entry_irq5
                0x00000000000025f4                entry_irq4
                0x0000000000002664                entry_irq3
                0x00000000000026d4                entry_irq2
                0x0000000000002744                entry_irq1
                0x00000000000027b4                trap_entry
 *fill*         0x00000000000027ea       0x16 
 .ram_code      0x0000000000002800      0x102 ./boot/cstartup_flash.o
                0x0000000000002800                __vectors
                0x0000000000002902                PROVIDE (_RAMCODE_VMA_END = .)
                0x0000000000000200                PROVIDE (_RAMCODE_VMA_START = ADDR (.ram_code))
                0x0000000020000358                PROVIDE (_RAMCODE_LMA_START = LOADADDR (.ram_code))
                [!provide]                        PROVIDE (_RAMCODE_SIZE = SIZEOF (.ram_code))
                0x0000000020002a60                . = ALIGN ((LOADADDR (.ram_code) + SIZEOF (.ram_code)), 0x8)

.text           0x0000000020002a60     0x4d2c
 *(.text .stub .text.* .gnu.linkonce.t.*)
 .text          0x0000000020002a60      0x14c /cygdrive/c/Users/Admin/AppData/Local/Temp/ccilfKYZ.ltrans0.ltrans.o
 .text.user_calib_adc_vref.constprop.44
                0x0000000020002bac      0x14a /cygdrive/c/Users/Admin/AppData/Local/Temp/ccilfKYZ.ltrans0.ltrans.o
 *fill*         0x0000000020002cf6        0x2 
 .text.i2c_master_read.constprop.36
                0x0000000020002cf8       0xb6 /cygdrive/c/Users/Admin/AppData/Local/Temp/ccilfKYZ.ltrans0.ltrans.o
 *fill*         0x0000000020002dae        0x2 
 .text.set_grb.constprop.10
                0x0000000020002db0      0x196 /cygdrive/c/Users/Admin/AppData/Local/Temp/ccilfKYZ.ltrans0.ltrans.o
 *fill*         0x0000000020002f46        0x2 
 .text.pwm_set_pin.constprop.8
                0x0000000020002f48       0x22 /cygdrive/c/Users/Admin/AppData/Local/Temp/ccilfKYZ.ltrans0.ltrans.o
 *fill*         0x0000000020002f6a        0x2 
 .text.uart_is_prime
                0x0000000020002f6c       0x5a /cygdrive/c/Users/Admin/AppData/Local/Temp/ccilfKYZ.ltrans0.ltrans.o
 *fill*         0x0000000020002fc6        0x2 
 .text.i2c_master_write
                0x0000000020002fc8       0xb2 /cygdrive/c/Users/Admin/AppData/Local/Temp/ccilfKYZ.ltrans0.ltrans.o
 *fill*         0x000000002000307a        0x2 
 .text.OLED_Fill.constprop.40
                0x000000002000307c       0x80 /cygdrive/c/Users/Admin/AppData/Local/Temp/ccilfKYZ.ltrans0.ltrans.o
 .text.read_btn_left
                0x00000000200030fc        0xe /cygdrive/c/Users/Admin/AppData/Local/Temp/ccilfKYZ.ltrans0.ltrans.o
 *fill*         0x000000002000310a        0x2 
 .text.read_btn_mid
                0x000000002000310c        0xe /cygdrive/c/Users/Admin/AppData/Local/Temp/ccilfKYZ.ltrans0.ltrans.o
 *fill*         0x000000002000311a        0x2 
 .text.read_btn_right
                0x000000002000311c        0xe /cygdrive/c/Users/Admin/AppData/Local/Temp/ccilfKYZ.ltrans0.ltrans.o
 *fill*         0x000000002000312a        0x2 
 .text.uart_send_array
                0x000000002000312c       0x52 /cygdrive/c/Users/Admin/AppData/Local/Temp/ccilfKYZ.ltrans0.ltrans.o
 *fill*         0x000000002000317e        0x2 
 .text.OLED_SetPos
                0x0000000020003180       0x5c /cygdrive/c/Users/Admin/AppData/Local/Temp/ccilfKYZ.ltrans0.ltrans.o
 *fill*         0x00000000200031dc        0x0 
 .text.OLED_ShowStr
                0x00000000200031dc      0x104 /cygdrive/c/Users/Admin/AppData/Local/Temp/ccilfKYZ.ltrans0.ltrans.o
 .text.OLED_Show_Arrow
                0x00000000200032e0       0x4c /cygdrive/c/Users/Admin/AppData/Local/Temp/ccilfKYZ.ltrans0.ltrans.o
 .text.BTN_DOUBLE_CLICK_Handler
                0x000000002000332c       0x36 /cygdrive/c/Users/Admin/AppData/Local/Temp/ccilfKYZ.ltrans0.ltrans.o
 *fill*         0x0000000020003362        0x2 
 .text.BTN_SINGLE_CLICK_Handler
                0x0000000020003364       0x68 /cygdrive/c/Users/Admin/AppData/Local/Temp/ccilfKYZ.ltrans0.ltrans.o
 .text.unlikely.analog_read_reg32.constprop.3
                0x00000000200033cc       0x44 /cygdrive/c/Users/Admin/AppData/Local/Temp/ccilfKYZ.ltrans0.ltrans.o
 .text.user_calib_freq_offset.constprop.43
                0x0000000020003410       0x5e /cygdrive/c/Users/Admin/AppData/Local/Temp/ccilfKYZ.ltrans0.ltrans.o
 *fill*         0x000000002000346e        0x2 
 .text.gpio_set_up_down_res.constprop.38
                0x0000000020003470       0x88 /cygdrive/c/Users/Admin/AppData/Local/Temp/ccilfKYZ.ltrans0.ltrans.o
 .text.gpio_input_dis
                0x00000000200034f8       0x2a /cygdrive/c/Users/Admin/AppData/Local/Temp/ccilfKYZ.ltrans0.ltrans.o
 *fill*         0x0000000020003522        0x2 
 .text.gpio_input_en
                0x0000000020003524       0xa4 /cygdrive/c/Users/Admin/AppData/Local/Temp/ccilfKYZ.ltrans0.ltrans.o
 .text.button_init
                0x00000000200035c8       0x6e /cygdrive/c/Users/Admin/AppData/Local/Temp/ccilfKYZ.ltrans0.ltrans.o
 *fill*         0x0000000020003636        0x2 
 .text.startup.main
                0x0000000020003638     0x16ec /cygdrive/c/Users/Admin/AppData/Local/Temp/ccilfKYZ.ltrans0.ltrans.o
                0x0000000020003638                main
 .text._write   0x0000000020004d24      0x126 /cygdrive/c/Users/Admin/AppData/Local/Temp/ccilfKYZ.ltrans0.ltrans.o
                0x0000000020004d24                _write
 *fill*         0x0000000020004e4a        0x2 
 .text          0x0000000020004e4c      0x7ee /cygdrive/c/TelinkIoTStudio/RDS/V3.2.3/toolchains/nds32le-elf-mculib-v5f/bin/../lib/gcc/riscv32-elf/7.4.0/mext-dsp/libgcc.a(divdf3.o)
                0x0000000020004e4c                __divdf3
 *fill*         0x000000002000563a        0x2 
 .text          0x000000002000563c      0x64e /cygdrive/c/TelinkIoTStudio/RDS/V3.2.3/toolchains/nds32le-elf-mculib-v5f/bin/../lib/gcc/riscv32-elf/7.4.0/mext-dsp/libgcc.a(muldf3.o)
                0x000000002000563c                __muldf3
 *fill*         0x0000000020005c8a        0x2 
 .text          0x0000000020005c8c      0xa08 /cygdrive/c/TelinkIoTStudio/RDS/V3.2.3/toolchains/nds32le-elf-mculib-v5f/bin/../lib/gcc/riscv32-elf/7.4.0/mext-dsp/libgcc.a(subdf3.o)
                0x0000000020005c8c                __subdf3
 .text          0x0000000020006694       0x7a /cygdrive/c/TelinkIoTStudio/RDS/V3.2.3/toolchains/nds32le-elf-mculib-v5f/bin/../lib/gcc/riscv32-elf/7.4.0/mext-dsp/libgcc.a(floatsidf.o)
                0x0000000020006694                __floatsidf
 *fill*         0x000000002000670e        0x2 
 .text          0x0000000020006710      0x110 /cygdrive/c/TelinkIoTStudio/RDS/V3.2.3/toolchains/nds32le-elf-mculib-v5f/bin/../lib/gcc/riscv32-elf/7.4.0/mext-dsp/libgcc.a(extendsfdf2.o)
                0x0000000020006710                __extendsfdf2
 .text          0x0000000020006820      0x300 /cygdrive/c/TelinkIoTStudio/RDS/V3.2.3/toolchains/nds32le-elf-mculib-v5f/bin/../lib/gcc/riscv32-elf/7.4.0/mext-dsp/libgcc.a(truncdfsf2.o)
                0x0000000020006820                __truncdfsf2
 .text.printf   0x0000000020006b20       0x1e /cygdrive/c/TelinkIoTStudio/RDS/V3.2.3/toolchains/nds32le-elf-mculib-v5f/bin/../lib/gcc/riscv32-elf/7.4.0/../../../../riscv32-elf/lib/mext-dsp/libc.a(lib_a-printf.o)
                0x0000000020006b20                printf
 .text.sprintf  0x0000000020006b3e       0x1c /cygdrive/c/TelinkIoTStudio/RDS/V3.2.3/toolchains/nds32le-elf-mculib-v5f/bin/../lib/gcc/riscv32-elf/7.4.0/../../../../riscv32-elf/lib/mext-dsp/libc.a(lib_a-sprintf.o)
                0x0000000020006b3e                sprintf
 .text.__vprintf_help
                0x0000000020006b5a       0x3a /cygdrive/c/TelinkIoTStudio/RDS/V3.2.3/toolchains/nds32le-elf-mculib-v5f/bin/../lib/gcc/riscv32-elf/7.4.0/../../../../riscv32-elf/lib/mext-dsp/libc.a(lib_a-vprintf.o)
 .text.vprintf  0x0000000020006b94       0x4c /cygdrive/c/TelinkIoTStudio/RDS/V3.2.3/toolchains/nds32le-elf-mculib-v5f/bin/../lib/gcc/riscv32-elf/7.4.0/../../../../riscv32-elf/lib/mext-dsp/libc.a(lib_a-vprintf.o)
                0x0000000020006b94                vprintf
 .text.__vsprintf_help
                0x0000000020006be0       0x1c /cygdrive/c/TelinkIoTStudio/RDS/V3.2.3/toolchains/nds32le-elf-mculib-v5f/bin/../lib/gcc/riscv32-elf/7.4.0/../../../../riscv32-elf/lib/mext-dsp/libc.a(lib_a-vsprintf.o)
 .text.vsprintf
                0x0000000020006bfc       0x28 /cygdrive/c/TelinkIoTStudio/RDS/V3.2.3/toolchains/nds32le-elf-mculib-v5f/bin/../lib/gcc/riscv32-elf/7.4.0/../../../../riscv32-elf/lib/mext-dsp/libc.a(lib_a-vsprintf.o)
                0x0000000020006bfc                vsprintf
 .text.__print_integral
                0x0000000020006c24       0x4c /cygdrive/c/TelinkIoTStudio/RDS/V3.2.3/toolchains/nds32le-elf-mculib-v5f/bin/../lib/gcc/riscv32-elf/7.4.0/../../../../riscv32-elf/lib/mext-dsp/libc.a(lib_a-printf_impl.o)
                0x0000000020006c24                __print_integral
 .text.__printf_impl
                0x0000000020006c70      0x470 /cygdrive/c/TelinkIoTStudio/RDS/V3.2.3/toolchains/nds32le-elf-mculib-v5f/bin/../lib/gcc/riscv32-elf/7.4.0/../../../../riscv32-elf/lib/mext-dsp/libc.a(lib_a-printf_impl.o)
                0x0000000020006c70                __printf_impl
 .text.__int_to_poly
                0x00000000200070e0       0x1e /cygdrive/c/TelinkIoTStudio/RDS/V3.2.3/toolchains/nds32le-elf-mculib-v5f/bin/../lib/gcc/riscv32-elf/7.4.0/../../../../riscv32-elf/lib/mext-dsp/libc.a(lib_a-printf_impl_float.o)
                0x00000000200070e0                __int_to_poly
 .text.__print_integral_poly
                0x00000000200070fe       0x90 /cygdrive/c/TelinkIoTStudio/RDS/V3.2.3/toolchains/nds32le-elf-mculib-v5f/bin/../lib/gcc/riscv32-elf/7.4.0/../../../../riscv32-elf/lib/mext-dsp/libc.a(lib_a-printf_impl_float.o)
                0x00000000200070fe                __print_integral_poly
 .text.__printf_float_impl
                0x000000002000718e      0x3fe /cygdrive/c/TelinkIoTStudio/RDS/V3.2.3/toolchains/nds32le-elf-mculib-v5f/bin/../lib/gcc/riscv32-elf/7.4.0/../../../../riscv32-elf/lib/mext-dsp/libc.a(lib_a-printf_impl_float.o)
                0x000000002000718e                __printf_float_impl
 *fill*         0x000000002000758c        0x0 
 .text.strcpy   0x000000002000758c       0x7e /cygdrive/c/TelinkIoTStudio/RDS/V3.2.3/toolchains/nds32le-elf-mculib-v5f/bin/../lib/gcc/riscv32-elf/7.4.0/../../../../riscv32-elf/lib/mext-dsp/libc.a(lib_a-strcpy.o)
                0x000000002000758c                strcpy
 .text.strnlen  0x000000002000760a       0x18 /cygdrive/c/TelinkIoTStudio/RDS/V3.2.3/toolchains/nds32le-elf-mculib-v5f/bin/../lib/gcc/riscv32-elf/7.4.0/../../../../riscv32-elf/lib/mext-dsp/libc.a(lib_a-strnlen.o)
                0x000000002000760a                strnlen
 .text          0x0000000020007622       0xaa /cygdrive/c/TelinkIoTStudio/RDS/V3.2.3/toolchains/nds32le-elf-mculib-v5f/bin/../lib/gcc/riscv32-elf/7.4.0/../../../../riscv32-elf/lib/mext-dsp/libc.a(lib_a-memset.o)
                0x0000000020007622                memset
 *fill*         0x00000000200076cc        0x0 
 .text          0x00000000200076cc       0x30 /cygdrive/c/TelinkIoTStudio/RDS/V3.2.3/toolchains/nds32le-elf-mculib-v5f/bin/../lib/gcc/riscv32-elf/7.4.0/mext-dsp/libgcc.a(_lshrdi3.o)
                0x00000000200076cc                __lshrdi3
 .text          0x00000000200076fc       0x30 /cygdrive/c/TelinkIoTStudio/RDS/V3.2.3/toolchains/nds32le-elf-mculib-v5f/bin/../lib/gcc/riscv32-elf/7.4.0/mext-dsp/libgcc.a(_ashldi3.o)
                0x00000000200076fc                __ashldi3
 .text          0x000000002000772c       0x60 /cygdrive/c/TelinkIoTStudio/RDS/V3.2.3/toolchains/nds32le-elf-mculib-v5f/bin/../lib/gcc/riscv32-elf/7.4.0/mext-dsp/libgcc.a(save-restore.o)
                0x000000002000772c                __riscv_save_12
                0x0000000020007734                __riscv_save_10
                0x0000000020007734                __riscv_save_8
                0x0000000020007734                __riscv_save_11
                0x0000000020007734                __riscv_save_9
                0x0000000020007742                __riscv_save_4
                0x0000000020007742                __riscv_save_7
                0x0000000020007742                __riscv_save_6
                0x0000000020007742                __riscv_save_5
                0x000000002000775c                __riscv_save_3
                0x000000002000775c                __riscv_save_2
                0x000000002000775c                __riscv_save_0
                0x000000002000775c                __riscv_save_1
                0x0000000020007768                __riscv_restore_12
                0x000000002000776c                __riscv_restore_8
                0x000000002000776c                __riscv_restore_10
                0x000000002000776c                __riscv_restore_9
                0x000000002000776c                __riscv_restore_11
                0x0000000020007776                __riscv_restore_5
                0x0000000020007776                __riscv_restore_7
                0x0000000020007776                __riscv_restore_4
                0x0000000020007776                __riscv_restore_6
                0x0000000020007780                __riscv_restore_3
                0x0000000020007780                __riscv_restore_1
                0x0000000020007780                __riscv_restore_0
                0x0000000020007780                __riscv_restore_2
 *(.text.*personality*)
 *(.gnu.warning)

.rodata         0x0000000020007790      0x738
 *(.rodata .rodata.* .gnu.linkonce.r.*)
 .rodata.main.cst8
                0x0000000020007790       0x20 /cygdrive/c/Users/Admin/AppData/Local/Temp/ccilfKYZ.ltrans0.ltrans.o
 .rodata        0x00000000200077b0       0x10 /cygdrive/c/Users/Admin/AppData/Local/Temp/ccilfKYZ.ltrans0.ltrans.o
 .rodata.BTN_DOUBLE_CLICK_Handler.str1.4
                0x00000000200077c0       0x31 /cygdrive/c/Users/Admin/AppData/Local/Temp/ccilfKYZ.ltrans0.ltrans.o
 *fill*         0x00000000200077f1        0x3 
 .rodata.F8X16  0x00000000200077f4      0x5f0 /cygdrive/c/Users/Admin/AppData/Local/Temp/ccilfKYZ.ltrans0.ltrans.o
 .rodata.OLED_Show_Arrow.str1.4
                0x0000000020007de4        0x6 /cygdrive/c/Users/Admin/AppData/Local/Temp/ccilfKYZ.ltrans0.ltrans.o
 *fill*         0x0000000020007dea        0x2 
 .rodata.main.str1.4
                0x0000000020007dec       0x43 /cygdrive/c/Users/Admin/AppData/Local/Temp/ccilfKYZ.ltrans0.ltrans.o
 *fill*         0x0000000020007e2f        0x1 
 .rodata        0x0000000020007e30       0x40 /cygdrive/c/TelinkIoTStudio/RDS/V3.2.3/toolchains/nds32le-elf-mculib-v5f/bin/../lib/gcc/riscv32-elf/7.4.0/mext-dsp/libgcc.a(divdf3.o)
 .rodata        0x0000000020007e70       0x40 /cygdrive/c/TelinkIoTStudio/RDS/V3.2.3/toolchains/nds32le-elf-mculib-v5f/bin/../lib/gcc/riscv32-elf/7.4.0/mext-dsp/libgcc.a(muldf3.o)
 .rodata.__digits
                0x0000000020007eb0       0x10 /cygdrive/c/TelinkIoTStudio/RDS/V3.2.3/toolchains/nds32le-elf-mculib-v5f/bin/../lib/gcc/riscv32-elf/7.4.0/../../../../riscv32-elf/lib/mext-dsp/libc.a(lib_a-printf_data.o)
                0x0000000020007eb0                __digits
 .rodata.__printf_float_impl.str1.4
                0x0000000020007ec0        0x8 /cygdrive/c/TelinkIoTStudio/RDS/V3.2.3/toolchains/nds32le-elf-mculib-v5f/bin/../lib/gcc/riscv32-elf/7.4.0/../../../../riscv32-elf/lib/mext-dsp/libc.a(lib_a-printf_impl_float.o)

.eh_frame_hdr   0x0000000020007ec8        0x0
 *(.eh_frame_hdr)
                0x0000000020007ee0                . = ALIGN (0x20)

.eh_frame       0x0000000020007ee0       0xf8
 *(.eh_frame)
 .eh_frame      0x0000000020007ee0       0xf8 /cygdrive/c/TelinkIoTStudio/RDS/V3.2.3/toolchains/nds32le-elf-mculib-v5f/bin/../lib/gcc/riscv32-elf/7.4.0/mext-dsp/libgcc.a(save-restore.o)

.rela.dyn       0x0000000020007fd8        0x0
 .rela.vectors  0x0000000020007fd8        0x0 ./boot/cstartup_flash.o
 .rela.retention_reset
                0x0000000020007fd8        0x0 ./boot/cstartup_flash.o
 .rela.text.__vsprintf_help
                0x0000000020007fd8        0x0 ./boot/cstartup_flash.o
 .rela.text.vsprintf
                0x0000000020007fd8        0x0 ./boot/cstartup_flash.o

.exec.itable    0x0000000020007fd8        0x0
 *(.exec.itable)
                0x0000000000080000                . = 0x80000
                0x0000000000080800                PROVIDE (__global_pointer$ = (. + 0x800))

.data           0x0000000000080000       0x14 load address 0x0000000020007fd8
 *(.data .data.* .gnu.linkonce.d.*)
 *(.gnu.linkonce.d.*personality*)
 *(.srodata.cst16)
 *(.srodata.cst8)
 *(.srodata.cst4)
 *(.srodata.cst2)
 *(.srodata .srodata.*)
 *(.sdata .sdata.* .gnu.linkonce.s.*)
 .sdata.g_grb   0x0000000000080000        0x3 /cygdrive/c/Users/Admin/AppData/Local/Temp/ccilfKYZ.ltrans0.ltrans.o
 *fill*         0x0000000000080003        0x1 
 .sdata.sys_clk
                0x0000000000080004        0x6 /cygdrive/c/Users/Admin/AppData/Local/Temp/ccilfKYZ.ltrans0.ltrans.o
 *(.sdata2 .sdata2.* .gnu.linkonce.s.*)
 *fill*         0x000000000008000a        0x2 
 .sdata2.adc_rx_dma_config
                0x000000000008000c        0x4 /cygdrive/c/Users/Admin/AppData/Local/Temp/ccilfKYZ.ltrans0.ltrans.o
 .sdata2.pwm_tx_dma_config
                0x0000000000080010        0x4 /cygdrive/c/Users/Admin/AppData/Local/Temp/ccilfKYZ.ltrans0.ltrans.o
                0x0000000000080014                PROVIDE (_DATA_VMA_END = .)
                0x0000000000080000                PROVIDE (_DATA_VMA_START = ADDR (.data))
                0x0000000020007fd8                PROVIDE (_DATA_LMA_START = LOADADDR (.data))
                0x0000000000080018                . = ALIGN (0x8)
                0x0000000000080018                PROVIDE (_BSS_VMA_START = .)

.sbss           0x0000000000080018       0x50 load address 0x0000000020007ff0
 *(.dynsbss)
 *(.sbss .sbss.* .gnu.linkonce.sb.*)
 .sbss.adc_dma_chn
                0x0000000000080018        0x1 /cygdrive/c/Users/Admin/AppData/Local/Temp/ccilfKYZ.ltrans0.ltrans.o
 .sbss.g_adc_pre_scale
                0x0000000000080019        0x1 /cygdrive/c/Users/Admin/AppData/Local/Temp/ccilfKYZ.ltrans0.ltrans.o
 .sbss.g_adc_vbat_divider
                0x000000000008001a        0x1 /cygdrive/c/Users/Admin/AppData/Local/Temp/ccilfKYZ.ltrans0.ltrans.o
 *fill*         0x000000000008001b        0x1 
 .sbss.g_axis_info
                0x000000000008001c        0x6 /cygdrive/c/Users/Admin/AppData/Local/Temp/ccilfKYZ.ltrans0.ltrans.o
 *fill*         0x0000000000080022        0x2 
 .sbss.g_chip_version
                0x0000000000080024        0x4 /cygdrive/c/Users/Admin/AppData/Local/Temp/ccilfKYZ.ltrans0.ltrans.o
 .sbss.g_line_num
                0x0000000000080028        0x4 /cygdrive/c/Users/Admin/AppData/Local/Temp/ccilfKYZ.ltrans0.ltrans.o
 .sbss.g_pm_status_info
                0x000000000008002c        0x4 /cygdrive/c/Users/Admin/AppData/Local/Temp/ccilfKYZ.ltrans0.ltrans.o
 .sbss.g_time0  0x0000000000080030        0x4 /cygdrive/c/Users/Admin/AppData/Local/Temp/ccilfKYZ.ltrans0.ltrans.o
 .sbss.g_time1  0x0000000000080034        0x4 /cygdrive/c/Users/Admin/AppData/Local/Temp/ccilfKYZ.ltrans0.ltrans.o
 .sbss.g_uart_last_length
                0x0000000000080038        0x4 /cygdrive/c/Users/Admin/AppData/Local/Temp/ccilfKYZ.ltrans0.ltrans.o
 .sbss.g_uart_length
                0x000000000008003c        0x4 /cygdrive/c/Users/Admin/AppData/Local/Temp/ccilfKYZ.ltrans0.ltrans.o
 .sbss.g_uart_rec_time
                0x0000000000080040        0x4 /cygdrive/c/Users/Admin/AppData/Local/Temp/ccilfKYZ.ltrans0.ltrans.o
 .sbss.head_handle
                0x0000000000080044        0x4 /cygdrive/c/Users/Admin/AppData/Local/Temp/ccilfKYZ.ltrans0.ltrans.o
 .sbss.mcause   0x0000000000080048        0x4 /cygdrive/c/Users/Admin/AppData/Local/Temp/ccilfKYZ.ltrans0.ltrans.o
 .sbss.mepc     0x000000000008004c        0x4 /cygdrive/c/Users/Admin/AppData/Local/Temp/ccilfKYZ.ltrans0.ltrans.o
 .sbss.pwm_irq_index
                0x0000000000080050        0x4 /cygdrive/c/Users/Admin/AppData/Local/Temp/ccilfKYZ.ltrans0.ltrans.o
 .sbss.uart_rx_byte_index
                0x0000000000080054        0x2 /cygdrive/c/Users/Admin/AppData/Local/Temp/ccilfKYZ.ltrans0.ltrans.o
 *fill*         0x0000000000080056        0x2 
 .sbss.uart_tx_byte_index
                0x0000000000080058        0x2 /cygdrive/c/Users/Admin/AppData/Local/Temp/ccilfKYZ.ltrans0.ltrans.o
 *fill*         0x000000000008005a        0x2 
 .sbss.__vprintf_buf
                0x000000000008005c        0x4 /cygdrive/c/TelinkIoTStudio/RDS/V3.2.3/toolchains/nds32le-elf-mculib-v5f/bin/../lib/gcc/riscv32-elf/7.4.0/../../../../riscv32-elf/lib/mext-dsp/libc.a(lib_a-vprintf.o)
 .sbss.__vprintf_buf_len
                0x0000000000080060        0x4 /cygdrive/c/TelinkIoTStudio/RDS/V3.2.3/toolchains/nds32le-elf-mculib-v5f/bin/../lib/gcc/riscv32-elf/7.4.0/../../../../riscv32-elf/lib/mext-dsp/libc.a(lib_a-vprintf.o)
 .sbss.__printf_count
                0x0000000000080064        0x4 /cygdrive/c/TelinkIoTStudio/RDS/V3.2.3/toolchains/nds32le-elf-mculib-v5f/bin/../lib/gcc/riscv32-elf/7.4.0/../../../../riscv32-elf/lib/mext-dsp/libc.a(lib_a-printf_data.o)
                0x0000000000080064                __printf_count
 *(.scommon .scommon.*)

.bss            0x0000000000080068     0x10c0 load address 0x0000000020008040
 *(.dynbss)
 *(.bss .bss.* .gnu.linkonce.b.*)
 .bss.IRQ_IR_DMA_Buff
                0x0000000000080068       0x30 /cygdrive/c/Users/Admin/AppData/Local/Temp/ccilfKYZ.ltrans0.ltrans.o
 .bss.UART_RX_BUF
                0x0000000000080098     0x1000 /cygdrive/c/Users/Admin/AppData/Local/Temp/ccilfKYZ.ltrans0.ltrans.o
 .bss.adc_sample_buffer
                0x0000000000081098       0x10 /cygdrive/c/Users/Admin/AppData/Local/Temp/ccilfKYZ.ltrans0.ltrans.o
 .bss.btn_left  0x00000000000810a8       0x28 /cygdrive/c/Users/Admin/AppData/Local/Temp/ccilfKYZ.ltrans0.ltrans.o
 .bss.btn_mid   0x00000000000810d0       0x28 /cygdrive/c/Users/Admin/AppData/Local/Temp/ccilfKYZ.ltrans0.ltrans.o
 .bss.btn_right
                0x00000000000810f8       0x28 /cygdrive/c/Users/Admin/AppData/Local/Temp/ccilfKYZ.ltrans0.ltrans.o
 *(COMMON)
 COMMON         0x0000000000081120        0x4 /cygdrive/c/TelinkIoTStudio/RDS/V3.2.3/toolchains/nds32le-elf-mculib-v5f/bin/../lib/gcc/riscv32-elf/7.4.0/../../../../riscv32-elf/lib/mext-dsp/libc.a(lib_a-vsprintf.o)
                0x0000000000081120                __vsprintf_buf
                0x0000000000081128                . = ALIGN (0x8)
 *fill*         0x0000000000081124        0x4 
                0x0000000000081128                PROVIDE (_BSS_VMA_END = .)

.sdk_version    0x0000000000081128       0x22 load address 0x0000000020007fec
 *(.sdk_version)
 .sdk_version   0x0000000000081128       0x22 /cygdrive/c/Users/Admin/AppData/Local/Temp/ccilfKYZ.ltrans0.ltrans.o
                0x000000000000800e                PROVIDE (BIN_SIZE = ((LOADADDR (.sdk_version) + SIZEOF (.sdk_version)) - BIN_BEGIN))
                0x0000000000081150                . = ALIGN (0x8)
                0x0000000000081150                _end = .
                [!provide]                        PROVIDE (end = .)
                0x00000000000a0000                PROVIDE (_STACK_TOP = 0xa0000)
                0x0000000000100000                PROVIDE (FLASH_SIZE = 0x100000)
                0x0000000000000001                ASSERT ((BIN_SIZE <= FLASH_SIZE), BIN FILE OVERFLOW)
OUTPUT(Mars_B91_Mother_V2.2.elf elf32-littleriscv)

.debug_info     0x0000000000000000     0xb8c5
 .debug_info    0x0000000000000000     0x8566 /cygdrive/c/Users/Admin/AppData/Local/Temp/ccilfKYZ.ltrans0.ltrans.o
 .debug_info    0x0000000000008566       0x22 ./boot/cstartup_flash.o
 .debug_info    0x0000000000008588      0x733 /cygdrive/c/TelinkIoTStudio/RDS/V3.2.3/toolchains/nds32le-elf-mculib-v5f/bin/../lib/gcc/riscv32-elf/7.4.0/mext-dsp/libgcc.a(divdf3.o)
 .debug_info    0x0000000000008cbb      0x74a /cygdrive/c/TelinkIoTStudio/RDS/V3.2.3/toolchains/nds32le-elf-mculib-v5f/bin/../lib/gcc/riscv32-elf/7.4.0/mext-dsp/libgcc.a(muldf3.o)
 .debug_info    0x0000000000009405      0x5bd /cygdrive/c/TelinkIoTStudio/RDS/V3.2.3/toolchains/nds32le-elf-mculib-v5f/bin/../lib/gcc/riscv32-elf/7.4.0/mext-dsp/libgcc.a(subdf3.o)
 .debug_info    0x00000000000099c2      0x2a7 /cygdrive/c/TelinkIoTStudio/RDS/V3.2.3/toolchains/nds32le-elf-mculib-v5f/bin/../lib/gcc/riscv32-elf/7.4.0/mext-dsp/libgcc.a(floatsidf.o)
 .debug_info    0x0000000000009c69      0x299 /cygdrive/c/TelinkIoTStudio/RDS/V3.2.3/toolchains/nds32le-elf-mculib-v5f/bin/../lib/gcc/riscv32-elf/7.4.0/mext-dsp/libgcc.a(extendsfdf2.o)
 .debug_info    0x0000000000009f02      0x2c7 /cygdrive/c/TelinkIoTStudio/RDS/V3.2.3/toolchains/nds32le-elf-mculib-v5f/bin/../lib/gcc/riscv32-elf/7.4.0/mext-dsp/libgcc.a(truncdfsf2.o)
 .debug_info    0x000000000000a1c9      0xb6b /cygdrive/c/TelinkIoTStudio/RDS/V3.2.3/toolchains/nds32le-elf-mculib-v5f/bin/../lib/gcc/riscv32-elf/7.4.0/mext-dsp/libgcc.a(_lshrdi3.o)
 .debug_info    0x000000000000ad34      0xb6b /cygdrive/c/TelinkIoTStudio/RDS/V3.2.3/toolchains/nds32le-elf-mculib-v5f/bin/../lib/gcc/riscv32-elf/7.4.0/mext-dsp/libgcc.a(_ashldi3.o)
 .debug_info    0x000000000000b89f       0x26 /cygdrive/c/TelinkIoTStudio/RDS/V3.2.3/toolchains/nds32le-elf-mculib-v5f/bin/../lib/gcc/riscv32-elf/7.4.0/mext-dsp/libgcc.a(save-restore.o)

.debug_abbrev   0x0000000000000000     0x138d
 .debug_abbrev  0x0000000000000000      0x6eb /cygdrive/c/Users/Admin/AppData/Local/Temp/ccilfKYZ.ltrans0.ltrans.o
 .debug_abbrev  0x00000000000006eb       0x12 ./boot/cstartup_flash.o
 .debug_abbrev  0x00000000000006fd      0x170 /cygdrive/c/TelinkIoTStudio/RDS/V3.2.3/toolchains/nds32le-elf-mculib-v5f/bin/../lib/gcc/riscv32-elf/7.4.0/mext-dsp/libgcc.a(divdf3.o)
 .debug_abbrev  0x000000000000086d      0x177 /cygdrive/c/TelinkIoTStudio/RDS/V3.2.3/toolchains/nds32le-elf-mculib-v5f/bin/../lib/gcc/riscv32-elf/7.4.0/mext-dsp/libgcc.a(muldf3.o)
 .debug_abbrev  0x00000000000009e4      0x178 /cygdrive/c/TelinkIoTStudio/RDS/V3.2.3/toolchains/nds32le-elf-mculib-v5f/bin/../lib/gcc/riscv32-elf/7.4.0/mext-dsp/libgcc.a(subdf3.o)
 .debug_abbrev  0x0000000000000b5c      0x16c /cygdrive/c/TelinkIoTStudio/RDS/V3.2.3/toolchains/nds32le-elf-mculib-v5f/bin/../lib/gcc/riscv32-elf/7.4.0/mext-dsp/libgcc.a(floatsidf.o)
 .debug_abbrev  0x0000000000000cc8      0x15b /cygdrive/c/TelinkIoTStudio/RDS/V3.2.3/toolchains/nds32le-elf-mculib-v5f/bin/../lib/gcc/riscv32-elf/7.4.0/mext-dsp/libgcc.a(extendsfdf2.o)
 .debug_abbrev  0x0000000000000e23      0x150 /cygdrive/c/TelinkIoTStudio/RDS/V3.2.3/toolchains/nds32le-elf-mculib-v5f/bin/../lib/gcc/riscv32-elf/7.4.0/mext-dsp/libgcc.a(truncdfsf2.o)
 .debug_abbrev  0x0000000000000f73      0x203 /cygdrive/c/TelinkIoTStudio/RDS/V3.2.3/toolchains/nds32le-elf-mculib-v5f/bin/../lib/gcc/riscv32-elf/7.4.0/mext-dsp/libgcc.a(_lshrdi3.o)
 .debug_abbrev  0x0000000000001176      0x203 /cygdrive/c/TelinkIoTStudio/RDS/V3.2.3/toolchains/nds32le-elf-mculib-v5f/bin/../lib/gcc/riscv32-elf/7.4.0/mext-dsp/libgcc.a(_ashldi3.o)
 .debug_abbrev  0x0000000000001379       0x14 /cygdrive/c/TelinkIoTStudio/RDS/V3.2.3/toolchains/nds32le-elf-mculib-v5f/bin/../lib/gcc/riscv32-elf/7.4.0/mext-dsp/libgcc.a(save-restore.o)

.debug_loc      0x0000000000000000     0xab64
 .debug_loc     0x0000000000000000     0x3cc7 /cygdrive/c/Users/Admin/AppData/Local/Temp/ccilfKYZ.ltrans0.ltrans.o
 .debug_loc     0x0000000000003cc7     0x295b /cygdrive/c/TelinkIoTStudio/RDS/V3.2.3/toolchains/nds32le-elf-mculib-v5f/bin/../lib/gcc/riscv32-elf/7.4.0/mext-dsp/libgcc.a(divdf3.o)
 .debug_loc     0x0000000000006622     0x139b /cygdrive/c/TelinkIoTStudio/RDS/V3.2.3/toolchains/nds32le-elf-mculib-v5f/bin/../lib/gcc/riscv32-elf/7.4.0/mext-dsp/libgcc.a(muldf3.o)
 .debug_loc     0x00000000000079bd     0x1eca /cygdrive/c/TelinkIoTStudio/RDS/V3.2.3/toolchains/nds32le-elf-mculib-v5f/bin/../lib/gcc/riscv32-elf/7.4.0/mext-dsp/libgcc.a(subdf3.o)
 .debug_loc     0x0000000000009887      0x286 /cygdrive/c/TelinkIoTStudio/RDS/V3.2.3/toolchains/nds32le-elf-mculib-v5f/bin/../lib/gcc/riscv32-elf/7.4.0/mext-dsp/libgcc.a(floatsidf.o)
 .debug_loc     0x0000000000009b0d      0x30a /cygdrive/c/TelinkIoTStudio/RDS/V3.2.3/toolchains/nds32le-elf-mculib-v5f/bin/../lib/gcc/riscv32-elf/7.4.0/mext-dsp/libgcc.a(extendsfdf2.o)
 .debug_loc     0x0000000000009e17      0xb85 /cygdrive/c/TelinkIoTStudio/RDS/V3.2.3/toolchains/nds32le-elf-mculib-v5f/bin/../lib/gcc/riscv32-elf/7.4.0/mext-dsp/libgcc.a(truncdfsf2.o)
 .debug_loc     0x000000000000a99c       0xe4 /cygdrive/c/TelinkIoTStudio/RDS/V3.2.3/toolchains/nds32le-elf-mculib-v5f/bin/../lib/gcc/riscv32-elf/7.4.0/mext-dsp/libgcc.a(_lshrdi3.o)
 .debug_loc     0x000000000000aa80       0xe4 /cygdrive/c/TelinkIoTStudio/RDS/V3.2.3/toolchains/nds32le-elf-mculib-v5f/bin/../lib/gcc/riscv32-elf/7.4.0/mext-dsp/libgcc.a(_ashldi3.o)

.debug_aranges  0x0000000000000000      0x4e8
 .debug_aranges
                0x0000000000000000      0x398 /cygdrive/c/Users/Admin/AppData/Local/Temp/ccilfKYZ.ltrans0.ltrans.o
 .debug_aranges
                0x0000000000000398       0x30 ./boot/cstartup_flash.o
 .debug_aranges
                0x00000000000003c8       0x20 /cygdrive/c/TelinkIoTStudio/RDS/V3.2.3/toolchains/nds32le-elf-mculib-v5f/bin/../lib/gcc/riscv32-elf/7.4.0/mext-dsp/libgcc.a(divdf3.o)
 .debug_aranges
                0x00000000000003e8       0x20 /cygdrive/c/TelinkIoTStudio/RDS/V3.2.3/toolchains/nds32le-elf-mculib-v5f/bin/../lib/gcc/riscv32-elf/7.4.0/mext-dsp/libgcc.a(muldf3.o)
 .debug_aranges
                0x0000000000000408       0x20 /cygdrive/c/TelinkIoTStudio/RDS/V3.2.3/toolchains/nds32le-elf-mculib-v5f/bin/../lib/gcc/riscv32-elf/7.4.0/mext-dsp/libgcc.a(subdf3.o)
 .debug_aranges
                0x0000000000000428       0x20 /cygdrive/c/TelinkIoTStudio/RDS/V3.2.3/toolchains/nds32le-elf-mculib-v5f/bin/../lib/gcc/riscv32-elf/7.4.0/mext-dsp/libgcc.a(floatsidf.o)
 .debug_aranges
                0x0000000000000448       0x20 /cygdrive/c/TelinkIoTStudio/RDS/V3.2.3/toolchains/nds32le-elf-mculib-v5f/bin/../lib/gcc/riscv32-elf/7.4.0/mext-dsp/libgcc.a(extendsfdf2.o)
 .debug_aranges
                0x0000000000000468       0x20 /cygdrive/c/TelinkIoTStudio/RDS/V3.2.3/toolchains/nds32le-elf-mculib-v5f/bin/../lib/gcc/riscv32-elf/7.4.0/mext-dsp/libgcc.a(truncdfsf2.o)
 .debug_aranges
                0x0000000000000488       0x20 /cygdrive/c/TelinkIoTStudio/RDS/V3.2.3/toolchains/nds32le-elf-mculib-v5f/bin/../lib/gcc/riscv32-elf/7.4.0/mext-dsp/libgcc.a(_lshrdi3.o)
 .debug_aranges
                0x00000000000004a8       0x20 /cygdrive/c/TelinkIoTStudio/RDS/V3.2.3/toolchains/nds32le-elf-mculib-v5f/bin/../lib/gcc/riscv32-elf/7.4.0/mext-dsp/libgcc.a(_ashldi3.o)
 .debug_aranges
                0x00000000000004c8       0x20 /cygdrive/c/TelinkIoTStudio/RDS/V3.2.3/toolchains/nds32le-elf-mculib-v5f/bin/../lib/gcc/riscv32-elf/7.4.0/mext-dsp/libgcc.a(save-restore.o)

.debug_ranges   0x0000000000000000     0x28e8
 .debug_ranges  0x0000000000000000     0x1f98 /cygdrive/c/Users/Admin/AppData/Local/Temp/ccilfKYZ.ltrans0.ltrans.o
 .debug_ranges  0x0000000000001f98       0x28 ./boot/cstartup_flash.o
 .debug_ranges  0x0000000000001fc0      0x250 /cygdrive/c/TelinkIoTStudio/RDS/V3.2.3/toolchains/nds32le-elf-mculib-v5f/bin/../lib/gcc/riscv32-elf/7.4.0/mext-dsp/libgcc.a(divdf3.o)
 .debug_ranges  0x0000000000002210      0x240 /cygdrive/c/TelinkIoTStudio/RDS/V3.2.3/toolchains/nds32le-elf-mculib-v5f/bin/../lib/gcc/riscv32-elf/7.4.0/mext-dsp/libgcc.a(muldf3.o)
 .debug_ranges  0x0000000000002450      0x2d0 /cygdrive/c/TelinkIoTStudio/RDS/V3.2.3/toolchains/nds32le-elf-mculib-v5f/bin/../lib/gcc/riscv32-elf/7.4.0/mext-dsp/libgcc.a(subdf3.o)
 .debug_ranges  0x0000000000002720       0x30 /cygdrive/c/TelinkIoTStudio/RDS/V3.2.3/toolchains/nds32le-elf-mculib-v5f/bin/../lib/gcc/riscv32-elf/7.4.0/mext-dsp/libgcc.a(floatsidf.o)
 .debug_ranges  0x0000000000002750       0x38 /cygdrive/c/TelinkIoTStudio/RDS/V3.2.3/toolchains/nds32le-elf-mculib-v5f/bin/../lib/gcc/riscv32-elf/7.4.0/mext-dsp/libgcc.a(extendsfdf2.o)
 .debug_ranges  0x0000000000002788      0x160 /cygdrive/c/TelinkIoTStudio/RDS/V3.2.3/toolchains/nds32le-elf-mculib-v5f/bin/../lib/gcc/riscv32-elf/7.4.0/mext-dsp/libgcc.a(truncdfsf2.o)

.debug_line     0x0000000000000000     0x780b
 .debug_line    0x0000000000000000     0x4b7c /cygdrive/c/Users/Admin/AppData/Local/Temp/ccilfKYZ.ltrans0.ltrans.o
 .debug_line    0x0000000000004b7c      0x46d ./boot/cstartup_flash.o
 .debug_line    0x0000000000004fe9      0x745 /cygdrive/c/TelinkIoTStudio/RDS/V3.2.3/toolchains/nds32le-elf-mculib-v5f/bin/../lib/gcc/riscv32-elf/7.4.0/mext-dsp/libgcc.a(divdf3.o)
 .debug_line    0x000000000000572e      0x554 /cygdrive/c/TelinkIoTStudio/RDS/V3.2.3/toolchains/nds32le-elf-mculib-v5f/bin/../lib/gcc/riscv32-elf/7.4.0/mext-dsp/libgcc.a(muldf3.o)
 .debug_line    0x0000000000005c82      0xa75 /cygdrive/c/TelinkIoTStudio/RDS/V3.2.3/toolchains/nds32le-elf-mculib-v5f/bin/../lib/gcc/riscv32-elf/7.4.0/mext-dsp/libgcc.a(subdf3.o)
 .debug_line    0x00000000000066f7      0x171 /cygdrive/c/TelinkIoTStudio/RDS/V3.2.3/toolchains/nds32le-elf-mculib-v5f/bin/../lib/gcc/riscv32-elf/7.4.0/mext-dsp/libgcc.a(floatsidf.o)
 .debug_line    0x0000000000006868      0x1e0 /cygdrive/c/TelinkIoTStudio/RDS/V3.2.3/toolchains/nds32le-elf-mculib-v5f/bin/../lib/gcc/riscv32-elf/7.4.0/mext-dsp/libgcc.a(extendsfdf2.o)
 .debug_line    0x0000000000006a48      0x468 /cygdrive/c/TelinkIoTStudio/RDS/V3.2.3/toolchains/nds32le-elf-mculib-v5f/bin/../lib/gcc/riscv32-elf/7.4.0/mext-dsp/libgcc.a(truncdfsf2.o)
 .debug_line    0x0000000000006eb0      0x3ca /cygdrive/c/TelinkIoTStudio/RDS/V3.2.3/toolchains/nds32le-elf-mculib-v5f/bin/../lib/gcc/riscv32-elf/7.4.0/mext-dsp/libgcc.a(_lshrdi3.o)
 .debug_line    0x000000000000727a      0x3ca /cygdrive/c/TelinkIoTStudio/RDS/V3.2.3/toolchains/nds32le-elf-mculib-v5f/bin/../lib/gcc/riscv32-elf/7.4.0/mext-dsp/libgcc.a(_ashldi3.o)
 .debug_line    0x0000000000007644      0x1c7 /cygdrive/c/TelinkIoTStudio/RDS/V3.2.3/toolchains/nds32le-elf-mculib-v5f/bin/../lib/gcc/riscv32-elf/7.4.0/mext-dsp/libgcc.a(save-restore.o)

.debug_str      0x0000000000000000     0x4c6c
 .debug_str     0x0000000000000000     0x38ab /cygdrive/c/Users/Admin/AppData/Local/Temp/ccilfKYZ.ltrans0.ltrans.o
                                       0x3af7 (size before relaxing)
 .debug_str     0x00000000000038ab       0xe6 ./boot/cstartup_flash.o
 .debug_str     0x0000000000003991      0x44c /cygdrive/c/TelinkIoTStudio/RDS/V3.2.3/toolchains/nds32le-elf-mculib-v5f/bin/../lib/gcc/riscv32-elf/7.4.0/mext-dsp/libgcc.a(divdf3.o)
                                        0x4ad (size before relaxing)
 .debug_str     0x0000000000003ddd      0x1a5 /cygdrive/c/TelinkIoTStudio/RDS/V3.2.3/toolchains/nds32le-elf-mculib-v5f/bin/../lib/gcc/riscv32-elf/7.4.0/mext-dsp/libgcc.a(muldf3.o)
                                        0x505 (size before relaxing)
 .debug_str     0x0000000000003f82      0x166 /cygdrive/c/TelinkIoTStudio/RDS/V3.2.3/toolchains/nds32le-elf-mculib-v5f/bin/../lib/gcc/riscv32-elf/7.4.0/mext-dsp/libgcc.a(subdf3.o)
                                        0x3eb (size before relaxing)
 .debug_str     0x00000000000040e8       0xbb /cygdrive/c/TelinkIoTStudio/RDS/V3.2.3/toolchains/nds32le-elf-mculib-v5f/bin/../lib/gcc/riscv32-elf/7.4.0/mext-dsp/libgcc.a(floatsidf.o)
                                        0x398 (size before relaxing)
 .debug_str     0x00000000000041a3       0xc4 /cygdrive/c/TelinkIoTStudio/RDS/V3.2.3/toolchains/nds32le-elf-mculib-v5f/bin/../lib/gcc/riscv32-elf/7.4.0/mext-dsp/libgcc.a(extendsfdf2.o)
                                        0x326 (size before relaxing)
 .debug_str     0x0000000000004267       0xb0 /cygdrive/c/TelinkIoTStudio/RDS/V3.2.3/toolchains/nds32le-elf-mculib-v5f/bin/../lib/gcc/riscv32-elf/7.4.0/mext-dsp/libgcc.a(truncdfsf2.o)
                                        0x384 (size before relaxing)
 .debug_str     0x0000000000004317      0x8c9 /cygdrive/c/TelinkIoTStudio/RDS/V3.2.3/toolchains/nds32le-elf-mculib-v5f/bin/../lib/gcc/riscv32-elf/7.4.0/mext-dsp/libgcc.a(_lshrdi3.o)
                                        0xb55 (size before relaxing)
 .debug_str     0x0000000000004be0        0xa /cygdrive/c/TelinkIoTStudio/RDS/V3.2.3/toolchains/nds32le-elf-mculib-v5f/bin/../lib/gcc/riscv32-elf/7.4.0/mext-dsp/libgcc.a(_ashldi3.o)
                                        0xb55 (size before relaxing)
 .debug_str     0x0000000000004bea       0x82 /cygdrive/c/TelinkIoTStudio/RDS/V3.2.3/toolchains/nds32le-elf-mculib-v5f/bin/../lib/gcc/riscv32-elf/7.4.0/mext-dsp/libgcc.a(save-restore.o)
                                        0x12a (size before relaxing)

.comment        0x0000000000000000       0x37
 .comment       0x0000000000000000       0x37 /cygdrive/c/Users/Admin/AppData/Local/Temp/ccilfKYZ.ltrans0.ltrans.o
                                         0x38 (size before relaxing)
 .comment       0x0000000000000037       0x38 /cygdrive/c/TelinkIoTStudio/RDS/V3.2.3/toolchains/nds32le-elf-mculib-v5f/bin/../lib/gcc/riscv32-elf/7.4.0/mext-dsp/libgcc.a(divdf3.o)
 .comment       0x0000000000000037       0x38 /cygdrive/c/TelinkIoTStudio/RDS/V3.2.3/toolchains/nds32le-elf-mculib-v5f/bin/../lib/gcc/riscv32-elf/7.4.0/mext-dsp/libgcc.a(muldf3.o)
 .comment       0x0000000000000037       0x38 /cygdrive/c/TelinkIoTStudio/RDS/V3.2.3/toolchains/nds32le-elf-mculib-v5f/bin/../lib/gcc/riscv32-elf/7.4.0/mext-dsp/libgcc.a(subdf3.o)
 .comment       0x0000000000000037       0x38 /cygdrive/c/TelinkIoTStudio/RDS/V3.2.3/toolchains/nds32le-elf-mculib-v5f/bin/../lib/gcc/riscv32-elf/7.4.0/mext-dsp/libgcc.a(floatsidf.o)
 .comment       0x0000000000000037       0x38 /cygdrive/c/TelinkIoTStudio/RDS/V3.2.3/toolchains/nds32le-elf-mculib-v5f/bin/../lib/gcc/riscv32-elf/7.4.0/mext-dsp/libgcc.a(extendsfdf2.o)
 .comment       0x0000000000000037       0x38 /cygdrive/c/TelinkIoTStudio/RDS/V3.2.3/toolchains/nds32le-elf-mculib-v5f/bin/../lib/gcc/riscv32-elf/7.4.0/mext-dsp/libgcc.a(truncdfsf2.o)
 .comment       0x0000000000000037       0x38 /cygdrive/c/TelinkIoTStudio/RDS/V3.2.3/toolchains/nds32le-elf-mculib-v5f/bin/../lib/gcc/riscv32-elf/7.4.0/../../../../riscv32-elf/lib/mext-dsp/libc.a(lib_a-printf.o)
 .comment       0x0000000000000037       0x38 /cygdrive/c/TelinkIoTStudio/RDS/V3.2.3/toolchains/nds32le-elf-mculib-v5f/bin/../lib/gcc/riscv32-elf/7.4.0/../../../../riscv32-elf/lib/mext-dsp/libc.a(lib_a-sprintf.o)
 .comment       0x0000000000000037       0x38 /cygdrive/c/TelinkIoTStudio/RDS/V3.2.3/toolchains/nds32le-elf-mculib-v5f/bin/../lib/gcc/riscv32-elf/7.4.0/../../../../riscv32-elf/lib/mext-dsp/libc.a(lib_a-vprintf.o)
 .comment       0x0000000000000037       0x38 /cygdrive/c/TelinkIoTStudio/RDS/V3.2.3/toolchains/nds32le-elf-mculib-v5f/bin/../lib/gcc/riscv32-elf/7.4.0/../../../../riscv32-elf/lib/mext-dsp/libc.a(lib_a-vsprintf.o)
 .comment       0x0000000000000037       0x38 /cygdrive/c/TelinkIoTStudio/RDS/V3.2.3/toolchains/nds32le-elf-mculib-v5f/bin/../lib/gcc/riscv32-elf/7.4.0/../../../../riscv32-elf/lib/mext-dsp/libc.a(lib_a-printf_data.o)
 .comment       0x0000000000000037       0x38 /cygdrive/c/TelinkIoTStudio/RDS/V3.2.3/toolchains/nds32le-elf-mculib-v5f/bin/../lib/gcc/riscv32-elf/7.4.0/../../../../riscv32-elf/lib/mext-dsp/libc.a(lib_a-printf_impl.o)
 .comment       0x0000000000000037       0x38 /cygdrive/c/TelinkIoTStudio/RDS/V3.2.3/toolchains/nds32le-elf-mculib-v5f/bin/../lib/gcc/riscv32-elf/7.4.0/../../../../riscv32-elf/lib/mext-dsp/libc.a(lib_a-printf_impl_float.o)
 .comment       0x0000000000000037       0x38 /cygdrive/c/TelinkIoTStudio/RDS/V3.2.3/toolchains/nds32le-elf-mculib-v5f/bin/../lib/gcc/riscv32-elf/7.4.0/../../../../riscv32-elf/lib/mext-dsp/libc.a(lib_a-strcpy.o)
 .comment       0x0000000000000037       0x38 /cygdrive/c/TelinkIoTStudio/RDS/V3.2.3/toolchains/nds32le-elf-mculib-v5f/bin/../lib/gcc/riscv32-elf/7.4.0/../../../../riscv32-elf/lib/mext-dsp/libc.a(lib_a-strnlen.o)
 .comment       0x0000000000000037       0x38 /cygdrive/c/TelinkIoTStudio/RDS/V3.2.3/toolchains/nds32le-elf-mculib-v5f/bin/../lib/gcc/riscv32-elf/7.4.0/mext-dsp/libgcc.a(_lshrdi3.o)
 .comment       0x0000000000000037       0x38 /cygdrive/c/TelinkIoTStudio/RDS/V3.2.3/toolchains/nds32le-elf-mculib-v5f/bin/../lib/gcc/riscv32-elf/7.4.0/mext-dsp/libgcc.a(_ashldi3.o)

.riscv.attributes
                0x0000000000000000       0x3b
 .riscv.attributes
                0x0000000000000000       0x3d /cygdrive/c/Users/Admin/AppData/Local/Temp/ccilfKYZ.ltrans0.ltrans.o
 .riscv.attributes
                0x000000000000003d       0x39 ./boot/cstartup_flash.o
 .riscv.attributes
                0x0000000000000076       0x3b /cygdrive/c/TelinkIoTStudio/RDS/V3.2.3/toolchains/nds32le-elf-mculib-v5f/bin/../lib/gcc/riscv32-elf/7.4.0/mext-dsp/libgcc.a(divdf3.o)
 .riscv.attributes
                0x00000000000000b1       0x3b /cygdrive/c/TelinkIoTStudio/RDS/V3.2.3/toolchains/nds32le-elf-mculib-v5f/bin/../lib/gcc/riscv32-elf/7.4.0/mext-dsp/libgcc.a(muldf3.o)
 .riscv.attributes
                0x00000000000000ec       0x3b /cygdrive/c/TelinkIoTStudio/RDS/V3.2.3/toolchains/nds32le-elf-mculib-v5f/bin/../lib/gcc/riscv32-elf/7.4.0/mext-dsp/libgcc.a(subdf3.o)
 .riscv.attributes
                0x0000000000000127       0x3b /cygdrive/c/TelinkIoTStudio/RDS/V3.2.3/toolchains/nds32le-elf-mculib-v5f/bin/../lib/gcc/riscv32-elf/7.4.0/mext-dsp/libgcc.a(floatsidf.o)
 .riscv.attributes
                0x0000000000000162       0x3b /cygdrive/c/TelinkIoTStudio/RDS/V3.2.3/toolchains/nds32le-elf-mculib-v5f/bin/../lib/gcc/riscv32-elf/7.4.0/mext-dsp/libgcc.a(extendsfdf2.o)
 .riscv.attributes
                0x000000000000019d       0x3b /cygdrive/c/TelinkIoTStudio/RDS/V3.2.3/toolchains/nds32le-elf-mculib-v5f/bin/../lib/gcc/riscv32-elf/7.4.0/mext-dsp/libgcc.a(truncdfsf2.o)
 .riscv.attributes
                0x00000000000001d8       0x3b /cygdrive/c/TelinkIoTStudio/RDS/V3.2.3/toolchains/nds32le-elf-mculib-v5f/bin/../lib/gcc/riscv32-elf/7.4.0/../../../../riscv32-elf/lib/mext-dsp/libc.a(lib_a-printf.o)
 .riscv.attributes
                0x0000000000000213       0x3b /cygdrive/c/TelinkIoTStudio/RDS/V3.2.3/toolchains/nds32le-elf-mculib-v5f/bin/../lib/gcc/riscv32-elf/7.4.0/../../../../riscv32-elf/lib/mext-dsp/libc.a(lib_a-sprintf.o)
 .riscv.attributes
                0x000000000000024e       0x3b /cygdrive/c/TelinkIoTStudio/RDS/V3.2.3/toolchains/nds32le-elf-mculib-v5f/bin/../lib/gcc/riscv32-elf/7.4.0/../../../../riscv32-elf/lib/mext-dsp/libc.a(lib_a-vprintf.o)
 .riscv.attributes
                0x0000000000000289       0x3b /cygdrive/c/TelinkIoTStudio/RDS/V3.2.3/toolchains/nds32le-elf-mculib-v5f/bin/../lib/gcc/riscv32-elf/7.4.0/../../../../riscv32-elf/lib/mext-dsp/libc.a(lib_a-vsprintf.o)
 .riscv.attributes
                0x00000000000002c4       0x3b /cygdrive/c/TelinkIoTStudio/RDS/V3.2.3/toolchains/nds32le-elf-mculib-v5f/bin/../lib/gcc/riscv32-elf/7.4.0/../../../../riscv32-elf/lib/mext-dsp/libc.a(lib_a-printf_data.o)
 .riscv.attributes
                0x00000000000002ff       0x3b /cygdrive/c/TelinkIoTStudio/RDS/V3.2.3/toolchains/nds32le-elf-mculib-v5f/bin/../lib/gcc/riscv32-elf/7.4.0/../../../../riscv32-elf/lib/mext-dsp/libc.a(lib_a-printf_impl.o)
 .riscv.attributes
                0x000000000000033a       0x3b /cygdrive/c/TelinkIoTStudio/RDS/V3.2.3/toolchains/nds32le-elf-mculib-v5f/bin/../lib/gcc/riscv32-elf/7.4.0/../../../../riscv32-elf/lib/mext-dsp/libc.a(lib_a-printf_impl_float.o)
 .riscv.attributes
                0x0000000000000375       0x3b /cygdrive/c/TelinkIoTStudio/RDS/V3.2.3/toolchains/nds32le-elf-mculib-v5f/bin/../lib/gcc/riscv32-elf/7.4.0/../../../../riscv32-elf/lib/mext-dsp/libc.a(lib_a-strcpy.o)
 .riscv.attributes
                0x00000000000003b0       0x3b /cygdrive/c/TelinkIoTStudio/RDS/V3.2.3/toolchains/nds32le-elf-mculib-v5f/bin/../lib/gcc/riscv32-elf/7.4.0/../../../../riscv32-elf/lib/mext-dsp/libc.a(lib_a-strnlen.o)
 .riscv.attributes
                0x00000000000003eb       0x39 /cygdrive/c/TelinkIoTStudio/RDS/V3.2.3/toolchains/nds32le-elf-mculib-v5f/bin/../lib/gcc/riscv32-elf/7.4.0/../../../../riscv32-elf/lib/mext-dsp/libc.a(lib_a-memset.o)
 .riscv.attributes
                0x0000000000000424       0x3b /cygdrive/c/TelinkIoTStudio/RDS/V3.2.3/toolchains/nds32le-elf-mculib-v5f/bin/../lib/gcc/riscv32-elf/7.4.0/mext-dsp/libgcc.a(_lshrdi3.o)
 .riscv.attributes
                0x000000000000045f       0x3b /cygdrive/c/TelinkIoTStudio/RDS/V3.2.3/toolchains/nds32le-elf-mculib-v5f/bin/../lib/gcc/riscv32-elf/7.4.0/mext-dsp/libgcc.a(_ashldi3.o)
 .riscv.attributes
                0x000000000000049a       0x39 /cygdrive/c/TelinkIoTStudio/RDS/V3.2.3/toolchains/nds32le-elf-mculib-v5f/bin/../lib/gcc/riscv32-elf/7.4.0/mext-dsp/libgcc.a(save-restore.o)

.debug_frame    0x0000000000000000     0x14f0
 .debug_frame   0x0000000000000000     0x1398 /cygdrive/c/Users/Admin/AppData/Local/Temp/ccilfKYZ.ltrans0.ltrans.o
 .debug_frame   0x0000000000001398       0x50 /cygdrive/c/TelinkIoTStudio/RDS/V3.2.3/toolchains/nds32le-elf-mculib-v5f/bin/../lib/gcc/riscv32-elf/7.4.0/mext-dsp/libgcc.a(divdf3.o)
 .debug_frame   0x00000000000013e8       0x48 /cygdrive/c/TelinkIoTStudio/RDS/V3.2.3/toolchains/nds32le-elf-mculib-v5f/bin/../lib/gcc/riscv32-elf/7.4.0/mext-dsp/libgcc.a(muldf3.o)
 .debug_frame   0x0000000000001430       0x20 /cygdrive/c/TelinkIoTStudio/RDS/V3.2.3/toolchains/nds32le-elf-mculib-v5f/bin/../lib/gcc/riscv32-elf/7.4.0/mext-dsp/libgcc.a(subdf3.o)
 .debug_frame   0x0000000000001450       0x20 /cygdrive/c/TelinkIoTStudio/RDS/V3.2.3/toolchains/nds32le-elf-mculib-v5f/bin/../lib/gcc/riscv32-elf/7.4.0/mext-dsp/libgcc.a(floatsidf.o)
 .debug_frame   0x0000000000001470       0x20 /cygdrive/c/TelinkIoTStudio/RDS/V3.2.3/toolchains/nds32le-elf-mculib-v5f/bin/../lib/gcc/riscv32-elf/7.4.0/mext-dsp/libgcc.a(extendsfdf2.o)
 .debug_frame   0x0000000000001490       0x20 /cygdrive/c/TelinkIoTStudio/RDS/V3.2.3/toolchains/nds32le-elf-mculib-v5f/bin/../lib/gcc/riscv32-elf/7.4.0/mext-dsp/libgcc.a(truncdfsf2.o)
 .debug_frame   0x00000000000014b0       0x20 /cygdrive/c/TelinkIoTStudio/RDS/V3.2.3/toolchains/nds32le-elf-mculib-v5f/bin/../lib/gcc/riscv32-elf/7.4.0/mext-dsp/libgcc.a(_lshrdi3.o)
 .debug_frame   0x00000000000014d0       0x20 /cygdrive/c/TelinkIoTStudio/RDS/V3.2.3/toolchains/nds32le-elf-mculib-v5f/bin/../lib/gcc/riscv32-elf/7.4.0/mext-dsp/libgcc.a(_ashldi3.o)
